Component: ARM Compiler 5.06 update 6 (build 750) Tool: armlink [4d35ed]

==============================================================================

Section Cross References

    main.o(i.main) refers to sys.o(i.Cache_Enable) for Cache_Enable
    main.o(i.main) refers to mpu.o(i.MPU_Memory_Protection) for MPU_Memory_Protection
    main.o(i.main) refers to stm32h7xx_hal.o(i.HAL_Init) for HAL_Init
    main.o(i.main) refers to sys.o(i.Stm32_Clock_Init) for Stm32_Clock_Init
    main.o(i.main) refers to delay.o(i.delay_init) for delay_init
    main.o(i.main) refers to usart.o(i.uart_init) for uart_init
    main.o(i.main) refers to led.o(i.LED_Init) for LED_Init
    main.o(i.main) refers to key.o(i.KEY_Init) for KEY_Init
    main.o(i.main) refers to sdram.o(i.SDRAM_Init) for SDRAM_Init
    main.o(i.main) refers to lcd.o(i.LCD_Init) for LCD_Init
    main.o(i.main) refers to w25qxx.o(i.W25QXX_Init) for W25QXX_Init
    main.o(i.main) refers to wm8978.o(i.WM8978_Init) for WM8978_Init
    main.o(i.main) refers to wm8978.o(i.WM8978_HPvol_Set) for WM8978_HPvol_Set
    main.o(i.main) refers to wm8978.o(i.WM8978_SPKvol_Set) for WM8978_SPKvol_Set
    main.o(i.main) refers to malloc.o(i.my_mem_init) for my_mem_init
    main.o(i.main) refers to exfuns.o(i.exfuns_init) for exfuns_init
    main.o(i.main) refers to ff.o(i.f_mount) for f_mount
    main.o(i.main) refers to lcd.o(i.LCD_ShowString) for LCD_ShowString
    main.o(i.main) refers to delay.o(i.delay_ms) for delay_ms
    main.o(i.main) refers to rng.o(i.RNG_Init) for RNG_Init
    main.o(i.main) refers to lcd.o(i.LCD_Fill) for LCD_Fill
    main.o(i.main) refers to fontupd.o(i.font_init) for font_init
    main.o(i.main) refers to audioplay.o(i.my_play) for my_play
    main.o(i.main) refers to lcd.o(i.LCD_Clear) for LCD_Clear
    main.o(i.main) refers to rng.o(i.RNG_Get_RandomRange) for RNG_Get_RandomRange
    main.o(i.main) refers to lcd.o(i.Display_E) for Display_E
    main.o(i.main) refers to lcd.o(i.Image_display) for Image_display
    main.o(i.main) refers to lcd.o(i.Display_RES) for Display_RES
    main.o(i.main) refers to usmart_config.o(.data) for usmart_dev
    main.o(i.main) refers to exfuns.o(.bss) for fs
    main.o(i.main) refers to lcd.o(.data) for POINT_COLOR
    main.o(i.main) refers to main.o(.data) for .data
    main.o(i.main) refers to xbqreceive.o(.data) for HandResult
    main.o(i.main) refers to e511.o(.constdata) for gImage_E511
    stm32h7xx_it.o(i.SysTick_Handler) refers to stm32h7xx_hal.o(i.HAL_IncTick) for HAL_IncTick
    system_stm32h7xx.o(i.SystemCoreClockUpdate) refers to system_stm32h7xx.o(.data) for .data
    system_stm32h7xx.o(i.SystemCoreClockUpdate) refers to system_stm32h7xx.o(.constdata) for .constdata
    xbqreceive.o(i.HAL_UART_RxCpltCallback) refers to stm32h7xx_hal_uart.o(i.HAL_UART_Transmit) for HAL_UART_Transmit
    xbqreceive.o(i.HAL_UART_RxCpltCallback) refers to xbqreceive.o(i.HandRecByteGet) for HandRecByteGet
    xbqreceive.o(i.HAL_UART_RxCpltCallback) refers to xbqreceive.o(.data) for .data
    xbqreceive.o(i.HAL_UART_RxCpltCallback) refers to usart.o(.bss) for UART3_Handler
    xbqreceive.o(i.HandRecByteGet) refers to xbqreceive.o(i.HandRecDataAnal) for HandRecDataAnal
    xbqreceive.o(i.HandRecByteGet) refers to xbqreceive.o(.data) for .data
    xbqreceive.o(i.HandRecDataAnal) refers to xbqreceive.o(.data) for .data
    startup_stm32h743xx.o(STACK) refers (Special) to heapauxi.o(.text) for __use_two_region_memory
    startup_stm32h743xx.o(HEAP) refers (Special) to heapauxi.o(.text) for __use_two_region_memory
    startup_stm32h743xx.o(RESET) refers (Special) to heapauxi.o(.text) for __use_two_region_memory
    startup_stm32h743xx.o(RESET) refers to startup_stm32h743xx.o(STACK) for __initial_sp
    startup_stm32h743xx.o(RESET) refers to startup_stm32h743xx.o(.text) for Reset_Handler
    startup_stm32h743xx.o(RESET) refers to stm32h7xx_it.o(i.NMI_Handler) for NMI_Handler
    startup_stm32h743xx.o(RESET) refers to stm32h7xx_it.o(i.HardFault_Handler) for HardFault_Handler
    startup_stm32h743xx.o(RESET) refers to stm32h7xx_it.o(i.BusFault_Handler) for BusFault_Handler
    startup_stm32h743xx.o(RESET) refers to stm32h7xx_it.o(i.UsageFault_Handler) for UsageFault_Handler
    startup_stm32h743xx.o(RESET) refers to stm32h7xx_it.o(i.SVC_Handler) for SVC_Handler
    startup_stm32h743xx.o(RESET) refers to stm32h7xx_it.o(i.DebugMon_Handler) for DebugMon_Handler
    startup_stm32h743xx.o(RESET) refers to stm32h7xx_it.o(i.PendSV_Handler) for PendSV_Handler
    startup_stm32h743xx.o(RESET) refers to stm32h7xx_it.o(i.SysTick_Handler) for SysTick_Handler
    startup_stm32h743xx.o(RESET) refers to sai.o(i.DMA1_Stream5_IRQHandler) for DMA1_Stream5_IRQHandler
    startup_stm32h743xx.o(RESET) refers to usmart.o(i.TIM4_IRQHandler) for TIM4_IRQHandler
    startup_stm32h743xx.o(RESET) refers to usart.o(i.USART3_IRQHandler) for USART3_IRQHandler
    startup_stm32h743xx.o(RESET) refers to jpegcodec.o(i.JPEG_IRQHandler) for JPEG_IRQHandler
[...]
    SDEnWideBus                              0x08008dd9   Thumb Code    92  sdmmc_sdcard.o(i.SDEnWideBus)
    SDMMC_Clock_Set                          0x08008e3d   Thumb Code    14  sdmmc_sdcard.o(i.SDMMC_Clock_Set)
    SDMMC_Send_Cmd                           0x08008e51   Thumb Code    20  sdmmc_sdcard.o(i.SDMMC_Send_Cmd)
    SDMMC_Send_Data_Cfg                      0x08008e69   Thumb Code    38  sdmmc_sdcard.o(i.SDMMC_Send_Data_Cfg)
    SDRAM_Init                               0x08008e95   Thumb Code    82  sdram.o(i.SDRAM_Init)
    SDRAM_Initialization_Sequence            0x08008ef1   Thumb Code    74  sdram.o(i.SDRAM_Initialization_Sequence)
    SDRAM_Send_Cmd                           0x08008f41   Thumb Code    48  sdram.o(i.SDRAM_Send_Cmd)
    SD_EnableWideBusOperation                0x08008f75   Thumb Code    60  sdmmc_sdcard.o(i.SD_EnableWideBusOperation)
    SD_GetCardInfo                           0x08008fb9   Thumb Code   530  sdmmc_sdcard.o(i.SD_GetCardInfo)
    SD_Init                                  0x080091d5   Thumb Code   224  sdmmc_sdcard.o(i.SD_Init)
    SD_InitializeCards                       0x080092d1   Thumb Code   186  sdmmc_sdcard.o(i.SD_InitializeCards)
    SD_PowerON                               0x08009399   Thumb Code   250  sdmmc_sdcard.o(i.SD_PowerON)
    SD_ReadBlocks                            0x080094a5   Thumb Code   378  sdmmc_sdcard.o(i.SD_ReadBlocks)
    SD_ReadDisk                              0x08009665   Thumb Code   110  sdmmc_sdcard.o(i.SD_ReadDisk)
    SD_SelectDeselect                        0x080096dd   Thumb Code    22  sdmmc_sdcard.o(i.SD_SelectDeselect)
    SD_WriteBlocks                           0x080096f5   Thumb Code   574  sdmmc_sdcard.o(i.SD_WriteBlocks)
    SD_WriteDisk                             0x08009941   Thumb Code   104  sdmmc_sdcard.o(i.SD_WriteDisk)
    SVC_Handler                              0x080099b1   Thumb Code     2  stm32h7xx_it.o(i.SVC_Handler)
    Stm32_Clock_Init                         0x080099b5   Thumb Code   160  sys.o(i.Stm32_Clock_Init)
    SysTick_Handler                          0x08009a5d   Thumb Code     4  stm32h7xx_it.o(i.SysTick_Handler)
    SystemInit                               0x08009a61   Thumb Code   116  system_stm32h7xx.o(i.SystemInit)
    TIM4_IRQHandler                          0x08009ae5   Thumb Code    44  usmart.o(i.TIM4_IRQHandler)
    TIM_Base_SetConfig                       0x08009b19   Thumb Code   160  stm32h7xx_hal_tim.o(i.TIM_Base_SetConfig)
    Timer4_Init                              0x08009bd9   Thumb Code    72  usmart.o(i.Timer4_Init)
    UART_AdvFeatureConfig                    0x08009c2d   Thumb Code   200  stm32h7xx_hal_uart.o(i.UART_AdvFeatureConfig)
    UART_CheckIdleState                      0x08009cf5   Thumb Code    92  stm32h7xx_hal_uart.o(i.UART_CheckIdleState)
    UART_SetConfig                           0x08009df9   Thumb Code  1186  stm32h7xx_hal_uart.o(i.UART_SetConfig)
    UART_WaitOnFlagUntilTimeout              0x0800a315   Thumb Code    98  stm32h7xx_hal_uart.o(i.UART_WaitOnFlagUntilTimeout)
    USART3_IRQHandler                        0x0800a379   Thumb Code    22  usart.o(i.USART3_IRQHandler)
    UsageFault_Handler                       0x0800a399   Thumb Code     2  stm32h7xx_it.o(i.UsageFault_Handler)
    W25QXX_Erase_Sector                      0x0800a39b   Thumb Code    42  w25qxx.o(i.W25QXX_Erase_Sector)
    W25QXX_Init                              0x0800a3c5   Thumb Code   112  w25qxx.o(i.W25QXX_Init)
    W25QXX_Qspi_Enable                       0x0800a439   Thumb Code    58  w25qxx.o(i.W25QXX_Qspi_Enable)
    W25QXX_Read                              0x0800a479   Thumb Code    42  w25qxx.o(i.W25QXX_Read)
    W25QXX_ReadID                            0x0800a4a5   Thumb Code    66  w25qxx.o(i.W25QXX_ReadID)
    W25QXX_ReadSR                            0x0800a4ed   Thumb Code    82  w25qxx.o(i.W25QXX_ReadSR)
    W25QXX_Wait_Busy                         0x0800a545   Thumb Code    14  w25qxx.o(i.W25QXX_Wait_Busy)
    W25QXX_Write                             0x0800a555   Thumb Code   150  w25qxx.o(i.W25QXX_Write)
    W25QXX_Write_Enable                      0x0800a5f1   Thumb Code    38  w25qxx.o(i.W25QXX_Write_Enable)
    W25QXX_Write_NoCheck                     0x0800a61d   Thumb Code    62  w25qxx.o(i.W25QXX_Write_NoCheck)
    W25QXX_Write_Page                        0x0800a65b   Thumb Code    52  w25qxx.o(i.W25QXX_Write_Page)
    W25QXX_Write_SR                          0x0800a691   Thumb Code    76  w25qxx.o(i.W25QXX_Write_SR)
    WM8978_ADDA_Cfg                          0x0800a6e1   Thumb Code    50  wm8978.o(i.WM8978_ADDA_Cfg)
    WM8978_AUX_Gain                          0x0800a719   Thumb Code    42  wm8978.o(i.WM8978_AUX_Gain)
    WM8978_HPvol_Set                         0x0800a749   Thumb Code    40  wm8978.o(i.WM8978_HPvol_Set)
    WM8978_I2S_Cfg                           0x0800a771   Thumb Code    18  wm8978.o(i.WM8978_I2S_Cfg)
    WM8978_Init                              0x0800a783   Thumb Code   118  wm8978.o(i.WM8978_Init)
    WM8978_Input_Cfg                         0x0800a7f9   Thumb Code    82  wm8978.o(i.WM8978_Input_Cfg)
    WM8978_LINEIN_Gain                       0x0800a851   Thumb Code    46  wm8978.o(i.WM8978_LINEIN_Gain)
    WM8978_Output_Cfg                        0x0800a885   Thumb Code    34  wm8978.o(i.WM8978_Output_Cfg)
    WM8978_SPKvol_Set                        0x0800a8a7   Thumb Code    32  wm8978.o(i.WM8978_SPKvol_Set)
    WM8978_Write_Reg                         0x0800a8c9   Thumb Code    80  wm8978.o(i.WM8978_Write_Reg)
    _is_digit                                0x0800a93d   Thumb Code    14  __printf_wp.o(i._is_digit)
    _sys_exit                                0x0800a94b   Thumb Code     2  usart.o(i._sys_exit)
    audio_msg_show                           0x0800a94d   Thumb Code   200  audioplay.o(i.audio_msg_show)
    audio_play_song                          0x0800aa21   Thumb Code    62  audioplay.o(i.audio_play_song)
    audio_start                              0x0800aa71   Thumb Code    10  audioplay.o(i.audio_start)
    audio_stop                               0x0800aa81   Thumb Code    10  audioplay.o(i.audio_stop)
    char_upper                               0x0800ab09   Thumb Code    14  exfuns.o(i.char_upper)
    delay_init                               0x0800b08d   Thumb Code    16  delay.o(i.delay_init)
    delay_ms                                 0x0800b0a1   Thumb Code    26  delay.o(i.delay_ms)
    delay_us                                 0x0800b0bd   Thumb Code    48  delay.o(i.delay_us)
    dir_sdi                                  0x0800b719   Thumb Code   150  ff.o(i.dir_sdi)
    disk_initialize                          0x0800b7af   Thumb Code    40  diskio.o(i.disk_initialize)
    disk_ioctl                               0x0800b7d9   Thumb Code   156  diskio.o(i.disk_ioctl)
    disk_read                                0x0800b87d   Thumb Code   106  diskio.o(i.disk_read)
    disk_status                              0x0800b8e7   Thumb Code     4  diskio.o(i.disk_status)
    disk_write                               0x0800b8eb   Thumb Code   102  diskio.o(i.disk_write)
    exfuns_init                              0x0800b951   Thumb Code    92  exfuns.o(i.exfuns_init)
    f_close                                  0x0800b9b5   Thumb Code    30  ff.o(i.f_close)
    f_lseek                                  0x0800b9d3   Thumb Code   782  ff.o(i.f_lseek)
    f_mount                                  0x0800bce1   Thumb Code    66  ff.o(i.f_mount)
    f_open                                   0x0800bd29   Thumb Code   654  ff.o(i.f_open)
    f_read                                   0x0800bfb7   Thumb Code   374  ff.o(i.f_read)
    f_sync                                   0x0800c12d   Thumb Code   360  ff.o(i.f_sync)
    f_typetell                               0x0800c295   Thumb Code   132  exfuns.o(i.f_typetell)
    ff_memalloc                              0x0800c31d   Thumb Code     8  ffsystem.o(i.ff_memalloc)
    ff_memfree                               0x0800c325   Thumb Code     8  ffsystem.o(i.ff_memfree)
    ff_oem2uni                               0x0800c32d   Thumb Code   108  myffunicode.o(i.ff_oem2uni)
    ff_uni2oem                               0x0800c39d   Thumb Code   106  myffunicode.o(i.ff_uni2oem)
    ff_wtoupper                              0x0800c40d   Thumb Code   128  myffunicode.o(i.ff_wtoupper)
    font_init                                0x0800c989   Thumb Code    58  fontupd.o(i.font_init)
    fputc                                    0x0800c9c9   Thumb Code    18  usart.o(i.fputc)
    get_fattime                              0x0800cba3   Thumb Code     4  ffsystem.o(i.get_fattime)
    image_getcolor                           0x0800cbdd   Thumb Code    20  lcd.o(i.image_getcolor)
    main                                     0x0800cdc5   Thumb Code   536  main.o(i.main)
    my_mem_free                              0x0800d0ad   Thumb Code    80  malloc.o(i.my_mem_free)
    my_mem_init                              0x0800d105   Thumb Code    36  malloc.o(i.my_mem_init)
    my_mem_malloc                            0x0800d131   Thumb Code   128  malloc.o(i.my_mem_malloc)
    my_mem_perused                           0x0800d1b9   Thumb Code    50  malloc.o(i.my_mem_perused)
    my_play                                  0x0800d1f5   Thumb Code    82  audioplay.o(i.my_play)
    myfree                                   0x0800d329   Thumb Code    20  malloc.o(i.myfree)
    mymalloc                                 0x0800d341   Thumb Code    28  malloc.o(i.mymalloc)
    mymemset                                 0x0800d361   Thumb Code    12  malloc.o(i.mymemset)
    read_addr                                0x0800d4d3   Thumb Code     4  usmart.o(i.read_addr)
    test_copypageandwrite                    0x0800d80d   Thumb Code    72  nandtester.o(i.test_copypageandwrite)
    test_ftlreadsectors                      0x0800d855   Thumb Code    84  nandtester.o(i.test_ftlreadsectors)
    test_ftlwritesectors                     0x0800d8cd   Thumb Code    62  nandtester.o(i.test_ftlwritesectors)
    test_readallblockinfo                    0x0800d90d   Thumb Code    78  nandtester.o(i.test_readallblockinfo)
    test_readpage                            0x0800d985   Thumb Code    92  nandtester.o(i.test_readpage)
    test_readspare                           0x0800da05   Thumb Code    84  nandtester.o(i.test_readspare)
    test_writepage                           0x0800da7d   Thumb Code    64  nandtester.o(i.test_writepage)
    uart_init                                0x0800dabd   Thumb Code    44  usart.o(i.uart_init)
    usmart_cmd_rec                           0x0800daf5   Thumb Code   144  usmart.o(i.usmart_cmd_rec)
    usmart_exe                               0x0800db89   Thumb Code   510  usmart.o(i.usmart_exe)
    usmart_get_aparm                         0x0800dde9   Thumb Code   164  usmart_str.o(i.usmart_get_aparm)
    usmart_get_cmdname                       0x0800de8d   Thumb Code    46  usmart_str.o(i.usmart_get_cmdname)
    usmart_get_fname                         0x0800debd   Thumb Code   352  usmart_str.o(i.usmart_get_fname)
    usmart_get_fparam                        0x0800e025   Thumb Code   202  usmart_str.o(i.usmart_get_fparam)
    usmart_get_parmpos                       0x0800e0f5   Thumb Code    30  usmart_str.o(i.usmart_get_parmpos)
    usmart_get_runtime                       0x0800e119   Thumb Code    38  usmart.o(i.usmart_get_runtime)
    usmart_init                              0x0800e149   Thumb Code    36  usmart.o(i.usmart_init)
    usmart_pow                               0x0800e171   Thumb Code    16  usmart_str.o(i.usmart_pow)
    usmart_reset_runtime                     0x0800e181   Thumb Code    32  usmart.o(i.usmart_reset_runtime)
    usmart_scan                              0x0800e1a9   Thumb Code    94  usmart.o(i.usmart_scan)
    usmart_search_nextc                      0x0800e24d   Thumb Code    16  usmart_str.o(i.usmart_search_nextc)
    usmart_str2num                           0x0800e25d   Thumb Code   214  usmart_str.o(i.usmart_str2num)
    usmart_strcmp                            0x0800e333   Thumb Code    24  usmart_str.o(i.usmart_strcmp)
    usmart_strcopy                           0x0800e34b   Thumb Code    18  usmart_str.o(i.usmart_strcopy)
    usmart_strlen                            0x0800e35d   Thumb Code    18  usmart_str.o(i.usmart_strlen)
    usmart_sys_cmd_exe                       0x0800e371   Thumb Code  1458  usmart.o(i.usmart_sys_cmd_exe)
    wav_buffill                              0x0800ea25   Thumb Code   108  wavplay.o(i.wav_buffill)
    wav_decode_init                          0x0800ea95   Thumb Code   272  wavplay.o(i.wav_decode_init)
    wav_get_curtime                          0x0800ec69   Thumb Code    64  wavplay.o(i.wav_get_curtime)
    wav_play_song                            0x0800eca9   Thumb Code   434  wavplay.o(i.wav_play_song)
    wav_sai_dma_tx_callback                  0x0800ee75   Thumb Code    72  wavplay.o(i.wav_sai_dma_tx_callback)
    write_addr                               0x0800eec9   Thumb Code     4  usmart.o(i.write_addr)
    _fp_init                                 0x0800ef3f   Thumb Code    10  fpinit.o(x$fpl$fpinit)
    __fplib_config_fpu_vfp                   0x0800ef47   Thumb Code     0  fpinit.o(x$fpl$fpinit)
    __fplib_config_pureend_doubles           0x0800ef47   Thumb Code     0  fpinit.o(x$fpl$fpinit)
    D1CorePrescTable                         0x0800ef48   Data          16  system_stm32h7xx.o(.constdata)
    SAI_PSC_TBL                              0x0800ef78   Data         110  sai.o(.constdata)
    asc2_6432                                0x0800efe6   Data       24320  lcd.o(.constdata)
    asc2_3216                                0x08014ee6   Data       12160  lcd.o(.constdata)
    gImage_E401                              0x08017e66   Data       125008  e401.o(.constdata)
    gImage_E411                              0x080366b6   Data       125008  e411.o(.constdata)
    gImage_E421                              0x08054f06   Data       125008  e421.o(.constdata)
    gImage_E431                              0x08073756   Data       125008  e431.o(.constdata)
    gImage_E441                              0x08091fa6   Data       125008  e441.o(.constdata)
    gImage_E451                              0x080b07f6   Data       125008  e451.o(.constdata)
    gImage_E461                              0x080cf046   Data       125008  e461.o(.constdata)
    gImage_E471                              0x080ed896   Data       125008  e471.o(.constdata)
    gImage_E481                              0x0810c0e6   Data       125008  e481.o(.constdata)
    gImage_E491                              0x0812a936   Data       125008  e491.o(.constdata)
    gImage_E501                              0x08149186   Data       125008  e501.o(.constdata)
    gImage_E511                              0x081679d6   Data       125008  e511.o(.constdata)
    memtblsize                               0x08186228   Data          24  malloc.o(.constdata)
    memblksize                               0x08186240   Data          24  malloc.o(.constdata)
    memsize                                  0x08186258   Data          24  malloc.o(.constdata)
    FILE_TYPE_TBL                            0x08186270   Data         112  exfuns.o(.constdata)
    Region$$Table$$Base                      0x08186a14   Number         0  anon$$obj.o(Region$$Table)
    Region$$Table$$Limit                     0x08186a34   Number         0  anon$$obj.o(Region$$Table)
    mem5base                                 0x20000000   Data       122880  malloc.o(.ARM.__AT_0x20000000)
    mem5mapbase                              0x2001e000   Data        7680  malloc.o(.ARM.__AT_0x2001E000)
    size                                     0x24000000   Data           4  main.o(.data)
    dire                                     0x24000004   Data           4  main.o(.data)
    flag                                     0x24000008   Data           4  main.o(.data)
    end                                      0x2400000c   Data           4  main.o(.data)
    dict                                     0x24000010   Data           4  main.o(.data)
    i                                        0x24000014   Data           4  main.o(.data)
    SystemCoreClock                          0x24000018   Data           4  system_stm32h7xx.o(.data)
    SystemD2Clock                            0x2400001c   Data           4  system_stm32h7xx.o(.data)
    ch                                       0x24000021   Data           1  xbqreceive.o(.data)
    rec_buf                                  0x24000022   Data           3  xbqreceive.o(.data)
    HandResult                               0x24000028   Data           4  xbqreceive.o(.data)
    USART_RX_STA                             0x24000030   Data           2  usart.o(.data)
    __stdout                                 0x24000034   Data           4  usart.o(.data)
    W25QXX_QPI_MODE                          0x24000054   Data           1  w25qxx.o(.data)
    W25QXX_TYPE                              0x24000056   Data           2  w25qxx.o(.data)
    jpeg_in_callback                         0x24000058   Data           4  jpegcodec.o(.data)
    jpeg_out_callback                        0x2400005c   Data           4  jpegcodec.o(.data)
    jpeg_eoc_callback                        0x24000060   Data           4  jpegcodec.o(.data)
    jpeg_hdp_callback                        0x24000064   Data           4  jpegcodec.o(.data)
    sai_tx_callback                          0x24000068   Data           4  sai.o(.data)
    POINT_COLOR                              0x240000e0   Data           4  lcd.o(.data)
    BACK_COLOR                               0x240000e4   Data           4  lcd.o(.data)
    sys_cmd_tab                              0x240000e8   Data          28  usmart.o(.data)
    usmart_nametab                           0x24000104   Data         184  usmart_config.o(.data)
    usmart_dev                               0x240001bc   Data         244  usmart_config.o(.data)
    mallco_dev                               0x240002b0   Data          64  malloc.o(.data)
    file                                     0x240002f0   Data           4  exfuns.o(.data)
    ftemp                                    0x240002f4   Data           4  exfuns.o(.data)
    fatbuf                                   0x240002f8   Data           4  exfuns.o(.data)
    wavtransferend                           0x240002fe   Data           1  wavplay.o(.data)
    wavwitchbuf                              0x240002ff   Data           1  wavplay.o(.data)
    USART_RX_BUF                             0x24000304   Data         200  usart.o(.bss)
    UART3_Handler                            0x240003cc   Data         128  usart.o(.bss)
    SDRAM_Handler                            0x2400044c   Data          52  sdram.o(.bss)
    SDCardInfo                               0x240004a0   Data          88  sdmmc_sdcard.o(.bss)
    SDMMC_DATA_BUFFER                        0x240004f8   Data         512  sdmmc_sdcard.o(.bss)
    NAND_Handler                             0x240006f8   Data          64  nand.o(.bss)
    nand_dev                                 0x24000738   Data          92  nand.o(.bss)
    QSPI_Handler                             0x24000794   Data          76  qspi.o(.bss)
    W25QXX_BUFFER                            0x240007e0   Data        4096  w25qxx.o(.bss)
    SAI1A_Handler                            0x240017e0   Data         148  sai.o(.bss)
    SAI1_TXDMA_Handler                       0x24001874   Data         120  sai.o(.bss)
    RNG_Handler                              0x240018ec   Data          16  rng.o(.bss)
    SRAM_Handler                             0x240018fc   Data          76  lcd.o(.bss)
    lcddev                                   0x24001948   Data          14  lcd.o(.bss)
    TIM4_Handler                             0x24001958   Data          64  usmart.o(.bss)
    mem1base                                 0x240019c0   Data       458752  malloc.o(.bss)
    mem1mapbase                              0x240719c0   Data       28672  malloc.o(.bss)
    fs                                       0x240789c0   Data          12  exfuns.o(.bss)
    ftinfo                                   0x240789d8   Data          41  fontupd.o(.bss)
    wavctrl                                  0x24078a01   Data          32  wavplay.o(.bss)
    audiodev                                 0x24078a21   Data          17  audioplay.o(.bss)
    __libspace_start                         0x24078a34   Data          96  libspace.o(.bss)
    __temporary_stack_top$libspace           0x24078a94   Data           0  libspace.o(.bss)
    mem3base                                 0x30000000   Data       245760  malloc.o(.ARM.__AT_0x30000000)
    mem3mapbase                              0x3003c000   Data       15360  malloc.o(.ARM.__AT_0x3003C000)
    mem4base                                 0x38000000   Data       61440  malloc.o(.ARM.__AT_0x38000000)
    mem4mapbase                              0x3800f000   Data        3840  malloc.o(.ARM.__AT_0x3800F000)
    ltdc_lcd_framebuf                        0xc0000000   Data       2048000  ltdc.o(.ARM.__AT_0xC0000000)
    mem2base                                 0xc01f4000   Data       29605888  malloc.o(.ARM.__AT_0xC01F4000)
    mem2mapbase                              0xc1e30000   Data       1850368  malloc.o(.ARM.__AT_0xC1E30000)



==============================================================================

Memory Map of the image

  Image Entry point : 0x08000299

  Load Region LR_IROM1 (Base: 0x08000000, Size: 0x00186d38, Max: 0x00200000, ABSOLUTE, COMPRESSED[0x00186b78])

    Execution Region ER_IROM1 (Exec base: 0x08000000, Load base: 0x08000000, Size: 0x00186a34, Max: 0x00200000, ABSOLUTE)

    Exec Addr    Load Addr    Size         Type   Attr      Idx    E Section Name        Object

    0x08000000   0x08000000   0x00000298   Data   RO          593    RESET               startup_stm32h743xx.o
    0x08000298   0x08000298   0x00000008   Code   RO        10498  * !!!main             c_w.l(__main.o)
    0x080002a0   0x080002a0   0x00000034   Code   RO        10683    !!!scatter          c_w.l(__scatter.o)
    0x080002d4   0x080002d4   0x0000005a   Code   RO        10681    !!dczerorl2         c_w.l(__dczerorl2.o)
    0x0800032e   0x0800032e   0x00000002   PAD
    0x08000330   0x08000330   0x0000001c   Code   RO        10685    !!handler_zi        c_w.l(__scatter_zi.o)
    0x0800034c   0x0800034c   0x00000000   Code   RO        10478    .ARM.Collect$$_printf_percent$$00000000  c_w.l(_printf_percent.o)
    0x0800034c   0x0800034c   0x00000006   Code   RO        10476    .ARM.Collect$$_printf_percent$$00000009  c_w.l(_printf_d.o)
    0x08000352   0x08000352   0x00000006   Code   RO        10477    .ARM.Collect$$_printf_percent$$0000000A  c_w.l(_printf_u.o)
    0x08000358   0x08000358   0x00000006   Code   RO        10475    .ARM.Collect$$_printf_percent$$0000000C  c_w.l(_printf_x.o)
    0x0800035e   0x0800035e   0x00000006   Code   RO        10473    .ARM.Collect$$_printf_percent$$00000013  c_w.l(_printf_c.o)
    0x08000364   0x08000364   0x00000006   Code   RO        10474    .ARM.Collect$$_printf_percent$$00000014  c_w.l(_printf_s.o)
    0x0800036a   0x0800036a   0x00000004   Code   RO        10513    .ARM.Collect$$_printf_percent$$00000017  c_w.l(_printf_percent_end.o)
    0x0800036e   0x0800036e   0x00000002   Code   RO        10553    .ARM.Collect$$libinit$$00000000  c_w.l(libinit.o)
    0x08000370   0x08000370   0x00000004   Code   RO        10565    .ARM.Collect$$libinit$$00000001  c_w.l(libinit2.o)
    0x08000374   0x08000374   0x00000000   Code   RO        10568    .ARM.Collect$$libinit$$00000004  c_w.l(libinit2.o)
    0x08000374   0x08000374   0x00000000   Code   RO        10571    .ARM.Collect$$libinit$$0000000A  c_w.l(libinit2.o)
    0x08000374   0x08000374   0x00000000   Code   RO        10573    .ARM.Collect$$libinit$$0000000C  c_w.l(libinit2.o)
    0x08000374   0x08000374   0x00000000   Code   RO        10575    .ARM.Collect$$libinit$$0000000E  c_w.l(libinit2.o)
    0x08000374   0x08000374   0x00000000   Code   RO        10578    .ARM.Collect$$libinit$$00000011  c_w.l(libinit2.o)
    0x08000374   0x08000374   0x00000000   Code   RO        10580    .ARM.Collect$$libinit$$00000013  c_w.l(libinit2.o)
    0x08000374   0x08000374   0x00000000   Code   RO        10582    .ARM.Collect$$libinit$$00000015  c_w.l(libinit2.o)
    0x08000374   0x08000374   0x00000000   Code   RO        10584    .ARM.Collect$$libinit$$00000017  c_w.l(libinit2.o)
    0x08000374   0x08000374   0x00000000   Code   RO        10586    .ARM.Collect$$libinit$$00000019  c_w.l(libinit2.o)
    0x08000374   0x08000374   0x00000000   Code   RO        10588    .ARM.Collect$$libinit$$0000001B  c_w.l(libinit2.o)
    0x08000374   0x08000374   0x00000000   Code   RO        10590    .ARM.Collect$$libinit$$0000001D  c_w.l(libinit2.o)
    0x08000374   0x08000374   0x00000000   Code   RO        10592    .ARM.Collect$$libinit$$0000001F  c_w.l(libinit2.o)
    0x08000374   0x08000374   0x00000000   Code   RO        10594    .ARM.Collect$$libinit$$00000021  c_w.l(libinit2.o)
    0x08000374   0x08000374   0x00000000   Code   RO        10596    .ARM.Collect$$libinit$$00000023  c_w.l(libinit2.o)
    0x08000374   0x08000374   0x00000000   Code   RO        10598    .ARM.Collect$$libinit$$00000025  c_w.l(libinit2.o)
    0x08000374   0x08000374   0x00000000   Code   RO        10602    .ARM.Collect$$libinit$$0000002C  c_w.l(libinit2.o)
    0x08000374   0x08000374   0x00000000   Code   RO        10604    .ARM.Collect$$libinit$$0000002E  c_w.l(libinit2.o)
    0x08000374   0x08000374   0x00000000   Code   RO        10606    .ARM.Collect$$libinit$$00000030  c_w.l(libinit2.o)
    0x08000374   0x08000374   0x00000000   Code   RO        10608    .ARM.Collect$$libinit$$00000032  c_w.l(libinit2.o)
    0x08000374   0x08000374   0x00000002   Code   RO        10609    .ARM.Collect$$libinit$$00000033  c_w.l(libinit2.o)
    0x08000376   0x08000376   0x00000002   Code   RO        10635    .ARM.Collect$$libshutdown$$00000000  c_w.l(libshutdown.o)
    0x08000378   0x08000378   0x00000000   Code   RO        10664    .ARM.Collect$$libshutdown$$00000002  c_w.l(libshutdown2.o)
    0x08000378   0x08000378   0x00000000   Code   RO        10666    .ARM.Collect$$libshutdown$$00000004  c_w.l(libshutdown2.o)
    0x08000378   0x08000378   0x00000000   Code   RO        10669    .ARM.Collect$$libshutdown$$00000007  c_w.l(libshutdown2.o)
    0x08000378   0x08000378   0x00000000   Code   RO        10672    .ARM.Collect$$libshutdown$$0000000A  c_w.l(libshutdown2.o)
    0x08000378   0x08000378   0x00000000   Code   RO        10674    .ARM.Collect$$libshutdown$$0000000C  c_w.l(libshutdown2.o)
    0x08000378   0x08000378   0x00000000   Code   RO        10677    .ARM.Collect$$libshutdown$$0000000F  c_w.l(libshutdown2.o)
    0x08000378   0x08000378   0x00000002   Code   RO        10678    .ARM.Collect$$libshutdown$$00000010  c_w.l(libshutdown2.o)
    0x0800037a   0x0800037a   0x00000000   Code   RO        10500    .ARM.Collect$$rtentry$$00000000  c_w.l(__rtentry.o)
    0x0800037a   0x0800037a   0x00000000   Code   RO        10516    .ARM.Collect$$rtentry$$00000002  c_w.l(__rtentry2.o)
    0x0800037a   0x0800037a   0x00000006   Code   RO        10528    .ARM.Collect$$rtentry$$00000004  c_w.l(__rtentry4.o)
    0x08000380   0x08000380   0x00000000   Code   RO        10518    .ARM.Collect$$rtentry$$00000009  c_w.l(__rtentry2.o)
    0x08000380   0x08000380   0x00000004   Code   RO        10519    .ARM.Collect$$rtentry$$0000000A  c_w.l(__rtentry2.o)
    0x08000384   0x08000384   0x00000000   Code   RO        10521    .ARM.Collect$$rtentry$$0000000C  c_w.l(__rtentry2.o)
    0x08000384   0x08000384   0x00000008   Code   RO        10522    .ARM.Collect$$rtentry$$0000000D  c_w.l(__rtentry2.o)
    0x0800038c   0x0800038c   0x00000002   Code   RO        10557    .ARM.Collect$$rtexit$$00000000  c_w.l(rtexit.o)
    0x0800038e   0x0800038e   0x00000000   Code   RO        10611    .ARM.Collect$$rtexit$$00000002  c_w.l(rtexit2.o)
    0x0800038e   0x0800038e   0x00000004   Code   RO        10612    .ARM.Collect$$rtexit$$00000003  c_w.l(rtexit2.o)
    0x08000392   0x08000392   0x00000006   Code   RO        10613    .ARM.Collect$$rtexit$$00000004  c_w.l(rtexit2.o)
    0x08000398   0x08000398   0x00000010   Code   RO          639    .emb_text           sys.o
    0x080003a8   0x080003a8   0x00000040   Code   RO          594    .text               startup_stm32h743xx.o
    0x080003e8   0x080003e8   0x000000ee   Code   RO        10414    .text               c_w.l(lludivv7m.o)
    0x080004d6   0x080004d6   0x00000048   Code   RO        10416    .text               c_w.l(llsdiv.o)
    0x0800051e   0x0800051e   0x00000002   PAD
    0x08000520   0x08000520   0x00000018   Code   RO        10420    .text               c_w.l(noretval__2printf.o)
    0x08000538   0x08000538   0x0000004e   Code   RO        10424    .text               c_w.l(_printf_pad.o)
    0x08000586   0x08000586   0x00000052   Code   RO        10426    .text               c_w.l(_printf_str.o)
    0x080005d8   0x080005d8   0x00000078   Code   RO        10428    .text               c_w.l(_printf_dec.o)
    0x08000650   0x08000650   0x00000058   Code   RO        10435    .text               c_w.l(_printf_hex_int.o)
    0x080006a8   0x080006a8   0x00000188   Code   RO        10470    .text               c_w.l(__printf_flags_ss_wp.o)
    0x08000830   0x08000830   0x00000048   Code   RO        10480    .text               c_w.l(strcpy.o)
    0x08000878   0x08000878   0x0000008a   Code   RO        10486    .text               c_w.l(rt_memcpy_v6.o)
    0x08000902   0x08000902   0x00000064   Code   RO        10488    .text               c_w.l(rt_memcpy_w.o)
    0x08000966   0x08000966   0x00000044   Code   RO        10490    .text               c_w.l(rt_memclr.o)
    0x080009aa   0x080009aa   0x0000004e   Code   RO        10492    .text               c_w.l(rt_memclr_w.o)
    0x080009f8   0x080009f8   0x00000068   Code   RO        10494    .text               c_w.l(strcmpv7m_pel.o)
    0x08000a60   0x08000a60   0x00000006   Code   RO        10496    .text               c_w.l(heapauxi.o)
    0x08000a66   0x08000a66   0x000000b2   Code   RO        10507    .text               c_w.l(_printf_intcommon.o)
    0x08000b18   0x08000b18   0x0000002c   Code   RO        10509    .text               c_w.l(_printf_char.o)
    0x08000b44   0x08000b44   0x00000024   Code   RO        10511    .text               c_w.l(_printf_char_file.o)
    0x08000b68   0x08000b68   0x00000030   Code   RO        10532    .text               c_w.l(_printf_char_common.o)
    0x08000b98   0x08000b98   0x00000008   Code   RO        10534    .text               c_w.l(ferror.o)
    0x08000ba0   0x08000ba0   0x0000004a   Code   RO        10538    .text               c_w.l(sys_stackheap_outer.o)
    0x08000bea   0x08000bea   0x00000012   Code   RO        10542    .text               c_w.l(exit.o)
    0x08000bfc   0x08000bfc   0x00000008   Code   RO        10554    .text               c_w.l(libspace.o)
    0x08000c04   0x08000c04   0x00000002   Code   RO          412    i.BusFault_Handler  stm32h7xx_it.o
    0x08000c06   0x08000c06   0x00000002   PAD
    0x08000c08   0x08000c08   0x00000088   Code   RO          640    i.Cache_Enable      sys.o
    0x08000c90   0x08000c90   0x0000002c   Code   RO         7279    i.CmdError          sdmmc_sdcard.o
    0x08000cbc   0x08000cbc   0x00000044   Code   RO         7280    i.CmdResp1Error     sdmmc_sdcard.o
    0x08000d00   0x08000d00   0x00000048   Code   RO         7281    i.CmdResp2Error     sdmmc_sdcard.o
    0x08000d48   0x08000d48   0x0000002c   Code   RO         7282    i.CmdResp3Error     sdmmc_sdcard.o
    0x08000d74   0x08000d74   0x00000068   Code   RO         7283    i.CmdResp6Error     sdmmc_sdcard.o
    0x08000ddc   0x08000ddc   0x00000040   Code   RO         7284    i.CmdResp7Error     sdmmc_sdcard.o
    0x08000e1c   0x08000e1c   0x00000098   Code   RO         8056    i.DMA1_Stream5_IRQHandler  sai.o
    0x08000eb4   0x08000eb4   0x00000028   Code   RO         1210    i.DMA_CalcBaseAndBitshift  stm32h7xx_hal_dma.o
    0x08000edc   0x08000edc   0x0000005c   Code   RO         1211    i.DMA_CalcDMAMUXChannelBaseAndMask  stm32h7xx_hal_dma.o
    0x08000f38   0x08000f38   0x00000044   Code   RO         1212    i.DMA_CalcDMAMUXRequestGenBaseAndMask  stm32h7xx_hal_dma.o
    0x08000f7c   0x08000f7c   0x00000054   Code   RO         1213    i.DMA_CheckFifoParam  stm32h7xx_hal_dma.o
    0x08000fd0   0x08000fd0   0x0000001e   Code   RO         1326    i.DMA_MultiBufferSetConfig  stm32h7xx_hal_dma_ex.o
    0x08000fee   0x08000fee   0x00000002   Code   RO          413    i.DebugMon_Handler  stm32h7xx_it.o
    0x08000ff0   0x08000ff0   0x000000a0   Code   RO         8309    i.Display_E         lcd.o
    0x08001090   0x08001090   0x00000090   Code   RO         8310    i.Display_RES       lcd.o
    0x08001120   0x08001120   0x0000001c   Code   RO         3806    i.FMC_NAND_AttributeSpace_Timing_Init  stm32h7xx_ll_fmc.o
    0x0800113c   0x0800113c   0x0000001c   Code   RO         3807    i.FMC_NAND_CommonSpace_Timing_Init  stm32h7xx_ll_fmc.o
    0x08001158   0x08001158   0x00000030   Code   RO         3812    i.FMC_NAND_Init     stm32h7xx_ll_fmc.o
    0x08001188   0x08001188   0x00000040   Code   RO         3814    i.FMC_NORSRAM_Extended_Timing_Init  stm32h7xx_ll_fmc.o
    0x080011c8   0x080011c8   0x00000078   Code   RO         3815    i.FMC_NORSRAM_Init  stm32h7xx_ll_fmc.o
    0x08001240   0x08001240   0x0000005c   Code   RO         3816    i.FMC_NORSRAM_Timing_Init  stm32h7xx_ll_fmc.o
    0x0800129c   0x0800129c   0x00000050   Code   RO         3821    i.FMC_SDRAM_Init    stm32h7xx_ll_fmc.o
    0x080012ec   0x080012ec   0x0000000c   Code   RO         3822    i.FMC_SDRAM_ProgramRefreshRate  stm32h7xx_ll_fmc.o
    0x080012f8   0x080012f8   0x00000022   Code   RO         3823    i.FMC_SDRAM_SendCommand  stm32h7xx_ll_fmc.o
    0x0800131a   0x0800131a   0x00000002   PAD
    0x0800131c   0x0800131c   0x00000080   Code   RO         3825    i.FMC_SDRAM_Timing_Init  stm32h7xx_ll_fmc.o
    0x0800139c   0x0800139c   0x00000030   Code   RO         7452    i.FTL_BadBlockMark  ftl.o
    0x080013cc   0x080013cc   0x000000d0   Code   RO         7453    i.FTL_BlockCompare  ftl.o
    0x0800149c   0x0800149c   0x0000004c   Code   RO         7454    i.FTL_CheckBadBlock  ftl.o
    0x080014e8   0x080014e8   0x000000c8   Code   RO         7455    i.FTL_CopyAndWriteToBlock  ftl.o
    0x080015b0   0x080015b0   0x000000c8   Code   RO         7456    i.FTL_CreateLUT     ftl.o
    0x08001678   0x08001678   0x0000004c   Code   RO         7457    i.FTL_FindSamePlaneUnusedBlock  ftl.o
    0x080016c4   0x080016c4   0x00000044   Code   RO         7458    i.FTL_FindUnusedBlock  ftl.o
    0x08001708   0x08001708   0x000000c0   Code   RO         7459    i.FTL_Format        ftl.o
    0x080017c8   0x080017c8   0x000000e0   Code   RO         7460    i.FTL_Init          ftl.o
    0x080018a8   0x080018a8   0x0000001c   Code   RO         7461    i.FTL_LBNToPBN      ftl.o
    0x080018c4   0x080018c4   0x00000110   Code   RO         7462    i.FTL_ReadSectors   ftl.o
    0x080019d4   0x080019d4   0x00000020   Code   RO         7464    i.FTL_UsedBlockMark  ftl.o
    0x080019f4   0x080019f4   0x00000118   Code   RO         7465    i.FTL_WriteSectors  ftl.o
    0x08001b0c   0x08001b0c   0x000000b8   Code   RO         7285    i.FindSCR           sdmmc_sdcard.o
    0x08001bc4   0x08001bc4   0x000000b0   Code   RO         1333    i.HAL_DMAEx_MultiBufferStart  stm32h7xx_hal_dma_ex.o
    0x08001c74   0x08001c74   0x00000094   Code   RO         1216    i.HAL_DMA_Abort_IT  stm32h7xx_hal_dma.o
    0x08001d08   0x08001d08   0x000000c8   Code   RO         1217    i.HAL_DMA_DeInit    stm32h7xx_hal_dma.o
    0x08001dd0   0x08001dd0   0x00000194   Code   RO         1221    i.HAL_DMA_Init      stm32h7xx_hal_dma.o
    0x08001f64   0x08001f64   0x00000010   Code   RO          771    i.HAL_EnableCompensationCell  stm32h7xx_hal.o
    0x08001f74   0x08001f74   0x000001e8   Code   RO         1400    i.HAL_GPIO_Init     stm32h7xx_hal_gpio.o
    0x0800215c   0x0800215c   0x0000000a   Code   RO         1402    i.HAL_GPIO_ReadPin  stm32h7xx_hal_gpio.o
    0x08002166   0x08002166   0x00000008   Code   RO         1403    i.HAL_GPIO_TogglePin  stm32h7xx_hal_gpio.o
    0x0800216e   0x0800216e   0x0000000a   Code   RO         1404    i.HAL_GPIO_WritePin  stm32h7xx_hal_gpio.o
    0x08002178   0x08002178   0x0000000c   Code   RO          778    i.HAL_GetTick       stm32h7xx_hal.o
    0x08002184   0x08002184   0x00000010   Code   RO          781    i.HAL_IncTick       stm32h7xx_hal.o
    0x08002194   0x08002194   0x0000001c   Code   RO          782    i.HAL_Init          stm32h7xx_hal.o
    0x080021b0   0x080021b0   0x00000040   Code   RO          783    i.HAL_InitTick      stm32h7xx_hal.o
    0x080021f0   0x080021f0   0x00000054   Code   RO         1070    i.HAL_MPU_ConfigRegion  stm32h7xx_hal_cortex.o
    0x08002244   0x08002244   0x0000001c   Code   RO         1071    i.HAL_MPU_Disable   stm32h7xx_hal_cortex.o
    0x08002260   0x08002260   0x00000024   Code   RO         1072    i.HAL_MPU_Enable    stm32h7xx_hal_cortex.o
    0x08002284   0x08002284   0x00000002   Code   RO          523    i.HAL_MspInit       stm32h7xx_hal_msp.o
    0x08002286   0x08002286   0x00000002   PAD
    0x08002288   0x08002288   0x00000060   Code   RO         5817    i.HAL_NAND_Init     stm32h7xx_hal_nand.o
    0x080022e8   0x080022e8   0x000000b0   Code   RO         7554    i.HAL_NAND_MspInit  nand.o
    0x08002398   0x08002398   0x0000001a   Code   RO         1075    i.HAL_NVIC_EnableIRQ  stm32h7xx_hal_cortex.o
    0x080023b2   0x080023b2   0x00000002   PAD
    0x080023b4   0x080023b4   0x00000040   Code   RO         1081    i.HAL_NVIC_SetPriority  stm32h7xx_hal_cortex.o
    0x080023f4   0x080023f4   0x00000024   Code   RO         1082    i.HAL_NVIC_SetPriorityGrouping  stm32h7xx_hal_cortex.o
    0x08002418   0x08002418   0x00000086   Code   RO         4495    i.HAL_QSPI_Command  stm32h7xx_hal_qspi.o
    0x0800249e   0x0800249e   0x00000002   PAD
    0x080024a0   0x080024a0   0x000000d8   Code   RO         4504    i.HAL_QSPI_Init     stm32h7xx_hal_qspi.o
    0x08002578   0x08002578   0x00000098   Code   RO         7770    i.HAL_QSPI_MspInit  qspi.o
    0x08002610   0x08002610   0x000000bc   Code   RO         4508    i.HAL_QSPI_Receive  stm32h7xx_hal_qspi.o
    0x080026cc   0x080026cc   0x000000b0   Code   RO         4517    i.HAL_QSPI_Transmit  stm32h7xx_hal_qspi.o
    0x0800277c   0x0800277c   0x00000034   Code   RO         2085    i.HAL_RCCEx_GetD1SysClockFreq  stm32h7xx_hal_rcc_ex.o
    0x080027b0   0x080027b0   0x0000002c   Code   RO         2086    i.HAL_RCCEx_GetD3PCLK1Freq  stm32h7xx_hal_rcc_ex.o
    0x080027dc   0x080027dc   0x000000fc   Code   RO         2087    i.HAL_RCCEx_GetPLL1ClockFreq  stm32h7xx_hal_rcc_ex.o
    0x080028d8   0x080028d8   0x000000fc   Code   RO         2088    i.HAL_RCCEx_GetPLL2ClockFreq  stm32h7xx_hal_rcc_ex.o
    0x080029d4   0x080029d4   0x000000fc   Code   RO         2089    i.HAL_RCCEx_GetPLL3ClockFreq  stm32h7xx_hal_rcc_ex.o
    0x08002ad0   0x08002ad0   0x00000150   Code   RO         2091    i.HAL_RCCEx_GetPeriphCLKFreq  stm32h7xx_hal_rcc_ex.o
    0x08002c20   0x08002c20   0x000008b0   Code   RO         2093    i.HAL_RCCEx_PeriphCLKConfig  stm32h7xx_hal_rcc_ex.o
    0x080034d0   0x080034d0   0x000001d8   Code   RO         1978    i.HAL_RCC_ClockConfig  stm32h7xx_hal_rcc.o
    0x080036a8   0x080036a8   0x00000034   Code   RO         1982    i.HAL_RCC_GetHCLKFreq  stm32h7xx_hal_rcc.o
    0x080036dc   0x080036dc   0x0000002c   Code   RO         1984    i.HAL_RCC_GetPCLK1Freq  stm32h7xx_hal_rcc.o
    0x08003708   0x08003708   0x0000002c   Code   RO         1985    i.HAL_RCC_GetPCLK2Freq  stm32h7xx_hal_rcc.o
    0x08003734   0x08003734   0x000000f8   Code   RO         1986    i.HAL_RCC_GetSysClockFreq  stm32h7xx_hal_rcc.o
    0x0800382c   0x0800382c   0x0000049c   Code   RO         1989    i.HAL_RCC_OscConfig  stm32h7xx_hal_rcc.o
    0x08003cc8   0x08003cc8   0x0000002c   Code   RO         6754    i.HAL_RNG_DeInit    stm32h7xx_hal_rng.o
    0x08003cf4   0x08003cf4   0x00000066   Code   RO         6756    i.HAL_RNG_GenerateRandomNumber  stm32h7xx_hal_rng.o
    0x08003d5a   0x08003d5a   0x0000003e   Code   RO         6760    i.HAL_RNG_Init      stm32h7xx_hal_rng.o
    0x08003d98   0x08003d98   0x00000002   Code   RO         6761    i.HAL_RNG_MspDeInit  stm32h7xx_hal_rng.o
    0x08003d9a   0x08003d9a   0x00000002   PAD
    0x08003d9c   0x08003d9c   0x00000030   Code   RO         8264    i.HAL_RNG_MspInit   rng.o
    0x08003dcc   0x08003dcc   0x00000098   Code   RO         6469    i.HAL_SAI_DeInit    stm32h7xx_hal_sai.o
    0x08003e64   0x08003e64   0x000002c4   Code   RO         6478    i.HAL_SAI_Init      stm32h7xx_hal_sai.o
    0x08004128   0x08004128   0x00000002   Code   RO         6480    i.HAL_SAI_MspDeInit  stm32h7xx_hal_sai.o
    0x0800412a   0x0800412a   0x00000002   PAD
    0x0800412c   0x0800412c   0x00000054   Code   RO         8057    i.HAL_SAI_MspInit   sai.o
    0x08004180   0x08004180   0x00000050   Code   RO         4082    i.HAL_SDRAM_Init    stm32h7xx_hal_sdram.o
    0x080041d0   0x080041d0   0x00000104   Code   RO         6925    i.HAL_SDRAM_MspInit  sdram.o
    0x080042d4   0x080042d4   0x00000022   Code   RO         4085    i.HAL_SDRAM_ProgramRefreshRate  stm32h7xx_hal_sdram.o
    0x080042f6   0x080042f6   0x0000002e   Code   RO         4091    i.HAL_SDRAM_SendCommand  stm32h7xx_hal_sdram.o
    0x08004324   0x08004324   0x00000064   Code   RO         3960    i.HAL_SRAM_Init     stm32h7xx_hal_sram.o
    0x08004388   0x08004388   0x00000078   Code   RO         8311    i.HAL_SRAM_MspInit  lcd.o
    0x08004400   0x08004400   0x00000010   Code   RO          787    i.HAL_SYSCFG_AnalogSwitchConfig  stm32h7xx_hal.o
    0x08004410   0x08004410   0x00000018   Code   RO         1084    i.HAL_SYSTICK_CLKSourceConfig  stm32h7xx_hal_cortex.o
    0x08004428   0x08004428   0x00000028   Code   RO         1086    i.HAL_SYSTICK_Config  stm32h7xx_hal_cortex.o
    0x08004450   0x08004450   0x00000036   Code   RO         2907    i.HAL_TIM_Base_Init  stm32h7xx_hal_tim.o
    0x08004486   0x08004486   0x00000002   Code   RO         2909    i.HAL_TIM_Base_MspInit  stm32h7xx_hal_tim.o
    0x08004488   0x08004488   0x00000018   Code   RO         2912    i.HAL_TIM_Base_Start_IT  stm32h7xx_hal_tim.o
    0x080044a0   0x080044a0   0x00000002   Code   RO         2595    i.HAL_UARTEx_WakeupCallback  stm32h7xx_hal_uart_ex.o
    0x080044a2   0x080044a2   0x00000002   Code   RO         2261    i.HAL_UART_ErrorCallback  stm32h7xx_hal_uart.o
    0x080044a4   0x080044a4   0x00000180   Code   RO         2264    i.HAL_UART_IRQHandler  stm32h7xx_hal_uart.o
    0x08004624   0x08004624   0x0000006a   Code   RO         2265    i.HAL_UART_Init     stm32h7xx_hal_uart.o
    0x0800468e   0x0800468e   0x00000002   PAD
    0x08004690   0x08004690   0x00000080   Code   RO          689    i.HAL_UART_MspInit  usart.o
    0x08004710   0x08004710   0x000000a6   Code   RO         2270    i.HAL_UART_Receive_IT  stm32h7xx_hal_uart.o
    0x080047b6   0x080047b6   0x00000002   PAD
    0x080047b8   0x080047b8   0x00000028   Code   RO          552    i.HAL_UART_RxCpltCallback  xbqreceive.o
    0x080047e0   0x080047e0   0x000000b2   Code   RO         2273    i.HAL_UART_Transmit  stm32h7xx_hal_uart.o
    0x08004892   0x08004892   0x00000002   Code   RO         2276    i.HAL_UART_TxCpltCallback  stm32h7xx_hal_uart.o
    0x08004894   0x08004894   0x0000003c   Code   RO          553    i.HandRecByteGet    xbqreceive.o
    0x080048d0   0x080048d0   0x00000018   Code   RO          554    i.HandRecDataAnal   xbqreceive.o
    0x080048e8   0x080048e8   0x00000002   Code   RO          414    i.HardFault_Handler  stm32h7xx_it.o
    0x080048ea   0x080048ea   0x00000002   PAD
    0x080048ec   0x080048ec   0x00000050   Code   RO         7098    i.IIC_Init          myiic.o
    0x0800493c   0x0800493c   0x0000006c   Code   RO         7101    i.IIC_Send_Byte     myiic.o
    0x080049a8   0x080049a8   0x00000050   Code   RO         7102    i.IIC_Start         myiic.o
    0x080049f8   0x080049f8   0x00000050   Code   RO         7103    i.IIC_Stop          myiic.o
    0x08004a48   0x08004a48   0x00000064   Code   RO         7104    i.IIC_Wait_Ack      myiic.o
    0x08004aac   0x08004aac   0x00000032   Code   RO         8312    i.Image_display     lcd.o
    0x08004ade   0x08004ade   0x00000002   PAD
    0x08004ae0   0x08004ae0   0x00000078   Code   RO         8313    i.Image_show        lcd.o
    0x08004b58   0x08004b58   0x00000074   Code   RO         7286    i.IsCardProgramming  sdmmc_sdcard.o
    0x08004bcc   0x08004bcc   0x0000001c   Code   RO         7944    i.JPEG_DMA_Stop     jpegcodec.o
    0x08004be8   0x08004be8   0x0000005c   Code   RO         7951    i.JPEG_IRQHandler   jpegcodec.o
    0x08004c44   0x08004c44   0x00000080   Code   RO         6862    i.KEY_Init          key.o
    0x08004cc4   0x08004cc4   0x000000d8   Code   RO         6863    i.KEY_Scan          key.o
    0x08004d9c   0x08004d9c   0x00000034   Code   RO         8315    i.LCD_Clear         lcd.o
    0x08004dd0   0x08004dd0   0x000000dc   Code   RO         8319    i.LCD_Display_Dir   lcd.o
    0x08004eac   0x08004eac   0x000000e8   Code   RO         8324    i.LCD_Fast_DrawPoint  lcd.o
    0x08004f94   0x08004f94   0x00000048   Code   RO         8325    i.LCD_Fill          lcd.o
    0x08004fdc   0x08004fdc   0x0000239c   Code   RO         8326    i.LCD_Init          lcd.o
    0x08007378   0x08007378   0x0000004a   Code   RO         8327    i.LCD_MPU_Config    lcd.o
    0x080073c2   0x080073c2   0x00000010   Code   RO         8328    i.LCD_Pow           lcd.o
    0x080073d2   0x080073d2   0x00000002   PAD
    0x080073d4   0x080073d4   0x00000014   Code   RO         8329    i.LCD_RD_DATA       lcd.o
    0x080073e8   0x080073e8   0x00000054   Code   RO         8332    i.LCD_SSD_BackLightSet  lcd.o
    0x0800743c   0x0800743c   0x000001b8   Code   RO         8333    i.LCD_Scan_Dir      lcd.o
    0x080075f4   0x080075f4   0x00000104   Code   RO         8334    i.LCD_SetCursor     lcd.o
    0x080076f8   0x080076f8   0x00000168   Code   RO         8335    i.LCD_Set_Window    lcd.o
    0x08007860   0x08007860   0x000000b8   Code   RO         8336    i.LCD_ShowChar      lcd.o
    0x08007918   0x08007918   0x00000054   Code   RO         8338    i.LCD_ShowString    lcd.o
    0x0800796c   0x0800796c   0x00000086   Code   RO         8339    i.LCD_ShowxNum      lcd.o
    0x080079f2   0x080079f2   0x00000002   PAD
    0x080079f4   0x080079f4   0x00000018   Code   RO         8340    i.LCD_WR_DATA       lcd.o
    0x08007a0c   0x08007a0c   0x00000018   Code   RO         8341    i.LCD_WR_REG        lcd.o
    0x08007a24   0x08007a24   0x00000014   Code   RO         8343    i.LCD_WriteRAM_Prepare  lcd.o
    0x08007a38   0x08007a38   0x00000010   Code   RO         8344    i.LCD_WriteReg      lcd.o
    0x08007a48   0x08007a48   0x0000004c   Code   RO         6838    i.LED_Init          led.o
    0x08007a94   0x08007a94   0x0000006c   Code   RO         7955    i.MDMA_IRQHandler   jpegcodec.o
    0x08007b00   0x08007b00   0x0000002c   Code   RO         6893    i.MPU_Memory_Protection  mpu.o
    0x08007b2c   0x08007b2c   0x00000058   Code   RO         6894    i.MPU_Set_Protection  mpu.o
    0x08007b84   0x08007b84   0x000001a4   Code   RO         7555    i.NAND_CopyPageWithWrite  nand.o
    0x08007d28   0x08007d28   0x0000007c   Code   RO         7556    i.NAND_CopyPageWithoutWrite  nand.o
    0x08007da4   0x08007da4   0x00000010   Code   RO         7557    i.NAND_Delay        nand.o
    0x08007db4   0x08007db4   0x00000094   Code   RO         7558    i.NAND_ECC_Correction  nand.o
    0x08007e48   0x08007e48   0x00000030   Code   RO         7559    i.NAND_ECC_Get_OE   nand.o
    0x08007e78   0x08007e78   0x00000054   Code   RO         7560    i.NAND_EraseBlock   nand.o
    0x08007ecc   0x08007ecc   0x00000050   Code   RO         7561    i.NAND_EraseChip    nand.o
    0x08007f1c   0x08007f1c   0x000000c4   Code   RO         7562    i.NAND_Init         nand.o
    0x08007fe0   0x08007fe0   0x00000048   Code   RO         7563    i.NAND_MPU_Config   nand.o
    0x08008028   0x08008028   0x00000034   Code   RO         7564    i.NAND_ModeSet      nand.o
    0x0800805c   0x0800805c   0x00000048   Code   RO         7565    i.NAND_ReadID       nand.o
    0x080080a4   0x080080a4   0x00000240   Code   RO         7566    i.NAND_ReadPage     nand.o
    0x080082e4   0x080082e4   0x0000006c   Code   RO         7567    i.NAND_ReadPageComp  nand.o
    0x08008350   0x08008350   0x00000020   Code   RO         7568    i.NAND_ReadSpare    nand.o
    0x08008370   0x08008370   0x00000054   Code   RO         7569    i.NAND_ReadStatus   nand.o
    0x080083c4   0x080083c4   0x0000001c   Code   RO         7570    i.NAND_Reset        nand.o
    0x080083e0   0x080083e0   0x00000028   Code   RO         7571    i.NAND_WaitForReady  nand.o
    0x08008408   0x08008408   0x00000040   Code   RO         7572    i.NAND_WaitRB       nand.o
    0x08008448   0x08008448   0x00000154   Code   RO         7573    i.NAND_WritePage    nand.o
    0x0800859c   0x0800859c   0x00000050   Code   RO         7574    i.NAND_WritePageConst  nand.o
    0x080085ec   0x080085ec   0x00000020   Code   RO         7575    i.NAND_WriteSpare   nand.o
    0x0800860c   0x0800860c   0x00000002   Code   RO          415    i.NMI_Handler       stm32h7xx_it.o
    0x0800860e   0x0800860e   0x00000002   Code   RO          416    i.PendSV_Handler    stm32h7xx_it.o
    0x08008610   0x08008610   0x000001d4   Code   RO         4522    i.QSPI_Config       stm32h7xx_hal_qspi.o
    0x080087e4   0x080087e4   0x00000044   Code   RO         7771    i.QSPI_Init         qspi.o
    0x08008828   0x08008828   0x00000024   Code   RO         7772    i.QSPI_Receive      qspi.o
    0x0800884c   0x0800884c   0x00000038   Code   RO         7773    i.QSPI_Send_CMD     qspi.o
    0x08008884   0x08008884   0x00000024   Code   RO         7774    i.QSPI_Transmit     qspi.o
    0x080088a8   0x080088a8   0x00000048   Code   RO         4527    i.QSPI_WaitFlagStateUntilTimeout  stm32h7xx_hal_qspi.o
    0x080088f0   0x080088f0   0x000000f0   Code   RO         2096    i.RCCEx_PLL2_Config  stm32h7xx_hal_rcc_ex.o
    0x080089e0   0x080089e0   0x000000f0   Code   RO         2097    i.RCCEx_PLL3_Config  stm32h7xx_hal_rcc_ex.o
    0x08008ad0   0x08008ad0   0x00000024   Code   RO         8266    i.RNG_Get_RandomRange  rng.o
    0x08008af4   0x08008af4   0x00000048   Code   RO         8267    i.RNG_Init          rng.o
    0x08008b3c   0x08008b3c   0x00000010   Code   RO         8058    i.SAIA_DMA_Enable   sai.o
    0x08008b4c   0x08008b4c   0x00000070   Code   RO         8059    i.SAIA_Init         sai.o
    0x08008bbc   0x08008bbc   0x00000080   Code   RO         8060    i.SAIA_SampleRate_Set  sai.o
    0x08008c3c   0x08008c3c   0x00000124   Code   RO         8061    i.SAIA_TX_DMA_Init  sai.o
    0x08008d60   0x08008d60   0x00000040   Code   RO         6498    i.SAI_Disable       stm32h7xx_hal_sai.o
    0x08008da0   0x08008da0   0x0000001c   Code   RO         8062    i.SAI_Play_Start    sai.o
    0x08008dbc   0x08008dbc   0x0000001c   Code   RO         8063    i.SAI_Play_Stop     sai.o
    0x08008dd8   0x08008dd8   0x00000064   Code   RO         7287    i.SDEnWideBus       sdmmc_sdcard.o
    0x08008e3c   0x08008e3c   0x00000014   Code   RO         7288    i.SDMMC_Clock_Set   sdmmc_sdcard.o
    0x08008e50   0x08008e50   0x00000018   Code   RO         7289    i.SDMMC_Send_Cmd    sdmmc_sdcard.o
    0x08008e68   0x08008e68   0x0000002c   Code   RO         7290    i.SDMMC_Send_Data_Cfg  sdmmc_sdcard.o
    0x08008e94   0x08008e94   0x0000005c   Code   RO         6926    i.SDRAM_Init        sdram.o
    0x08008ef0   0x08008ef0   0x00000050   Code   RO         6927    i.SDRAM_Initialization_Sequence  sdram.o
    0x08008f40   0x08008f40   0x00000034   Code   RO         6928    i.SDRAM_Send_Cmd    sdram.o
    0x08008f74   0x08008f74   0x00000044   Code   RO         7291    i.SD_EnableWideBusOperation  sdmmc_sdcard.o
    0x08008fb8   0x08008fb8   0x0000021c   Code   RO         7292    i.SD_GetCardInfo    sdmmc_sdcard.o
    0x080091d4   0x080091d4   0x000000fc   Code   RO         7294    i.SD_Init           sdmmc_sdcard.o
    0x080092d0   0x080092d0   0x000000c8   Code   RO         7295    i.SD_InitializeCards  sdmmc_sdcard.o
    0x08009398   0x08009398   0x0000010c   Code   RO         7297    i.SD_PowerON        sdmmc_sdcard.o
    0x080094a4   0x080094a4   0x000001c0   Code   RO         7298    i.SD_ReadBlocks     sdmmc_sdcard.o
    0x08009664   0x08009664   0x00000078   Code   RO         7299    i.SD_ReadDisk       sdmmc_sdcard.o
    0x080096dc   0x080096dc   0x00000016   Code   RO         7300    i.SD_SelectDeselect  sdmmc_sdcard.o
    0x080096f2   0x080096f2   0x00000002   PAD
    0x080096f4   0x080096f4   0x0000024c   Code   RO         7302    i.SD_WriteBlocks    sdmmc_sdcard.o
    0x08009940   0x08009940   0x00000070   Code   RO         7303    i.SD_WriteDisk      sdmmc_sdcard.o
    0x080099b0   0x080099b0   0x00000002   Code   RO          417    i.SVC_Handler       stm32h7xx_it.o
    0x080099b2   0x080099b2   0x00000002   PAD
    0x080099b4   0x080099b4   0x000000a8   Code   RO          643    i.Stm32_Clock_Init  sys.o
    0x08009a5c   0x08009a5c   0x00000004   Code   RO          418    i.SysTick_Handler   stm32h7xx_it.o
    0x08009a60   0x08009a60   0x00000084   Code   RO          485    i.SystemInit        system_stm32h7xx.o
    0x08009ae4   0x08009ae4   0x00000034   Code   RO         8645    i.TIM4_IRQHandler   usmart.o
    0x08009b18   0x08009b18   0x000000c0   Code   RO         2991    i.TIM_Base_SetConfig  stm32h7xx_hal_tim.o
    0x08009bd8   0x08009bd8   0x00000054   Code   RO         8646    i.Timer4_Init       usmart.o
    0x08009c2c   0x08009c2c   0x000000c8   Code   RO         2278    i.UART_AdvFeatureConfig  stm32h7xx_hal_uart.o
    0x08009cf4   0x08009cf4   0x0000005c   Code   RO         2279    i.UART_CheckIdleState  stm32h7xx_hal_uart.o
    0x08009d50   0x08009d50   0x00000014   Code   RO         2280    i.UART_DMAAbortOnError  stm32h7xx_hal_uart.o
    0x08009d64   0x08009d64   0x0000001c   Code   RO         2290    i.UART_EndRxTransfer  stm32h7xx_hal_uart.o
    0x08009d80   0x08009d80   0x00000076   Code   RO         2292    i.UART_Receive_IT   stm32h7xx_hal_uart.o
    0x08009df6   0x08009df6   0x00000002   PAD
    0x08009df8   0x08009df8   0x000004a8   Code   RO         2293    i.UART_SetConfig    stm32h7xx_hal_uart.o
    0x0800a2a0   0x0800a2a0   0x00000074   Code   RO         2294    i.UART_Transmit_IT  stm32h7xx_hal_uart.o
    0x0800a314   0x0800a314   0x00000062   Code   RO         2295    i.UART_WaitOnFlagUntilTimeout  stm32h7xx_hal_uart.o
    0x0800a376   0x0800a376   0x00000002   PAD
    0x0800a378   0x0800a378   0x00000020   Code   RO          690    i.USART3_IRQHandler  usart.o
    0x0800a398   0x0800a398   0x00000002   Code   RO          419    i.UsageFault_Handler  stm32h7xx_it.o
    0x0800a39a   0x0800a39a   0x0000002a   Code   RO         7825    i.W25QXX_Erase_Sector  w25qxx.o
    0x0800a3c4   0x0800a3c4   0x00000074   Code   RO         7826    i.W25QXX_Init       w25qxx.o
    0x0800a438   0x0800a438   0x00000040   Code   RO         7828    i.W25QXX_Qspi_Enable  w25qxx.o
    0x0800a478   0x0800a478   0x0000002a   Code   RO         7829    i.W25QXX_Read       w25qxx.o
    0x0800a4a2   0x0800a4a2   0x00000002   PAD
    0x0800a4a4   0x0800a4a4   0x00000048   Code   RO         7830    i.W25QXX_ReadID     w25qxx.o
    0x0800a4ec   0x0800a4ec   0x00000058   Code   RO         7831    i.W25QXX_ReadSR     w25qxx.o
    0x0800a544   0x0800a544   0x0000000e   Code   RO         7832    i.W25QXX_Wait_Busy  w25qxx.o
    0x0800a552   0x0800a552   0x00000002   PAD
    0x0800a554   0x0800a554   0x0000009c   Code   RO         7833    i.W25QXX_Write      w25qxx.o
    0x0800a5f0   0x0800a5f0   0x0000002c   Code   RO         7835    i.W25QXX_Write_Enable  w25qxx.o
    0x0800a61c   0x0800a61c   0x0000003e   Code   RO         7836    i.W25QXX_Write_NoCheck  w25qxx.o
    0x0800a65a   0x0800a65a   0x00000034   Code   RO         7837    i.W25QXX_Write_Page  w25qxx.o
    0x0800a68e   0x0800a68e   0x00000002   PAD
    0x0800a690   0x0800a690   0x00000050   Code   RO         7838    i.W25QXX_Write_SR   w25qxx.o
    0x0800a6e0   0x0800a6e0   0x00000038   Code   RO         8131    i.WM8978_ADDA_Cfg   wm8978.o
    0x0800a718   0x0800a718   0x00000030   Code   RO         8132    i.WM8978_AUX_Gain   wm8978.o
    0x0800a748   0x0800a748   0x00000028   Code   RO         8139    i.WM8978_HPvol_Set  wm8978.o
    0x0800a770   0x0800a770   0x00000012   Code   RO         8140    i.WM8978_I2S_Cfg    wm8978.o
    0x0800a782   0x0800a782   0x00000076   Code   RO         8141    i.WM8978_Init       wm8978.o
    0x0800a7f8   0x0800a7f8   0x00000058   Code   RO         8142    i.WM8978_Input_Cfg  wm8978.o
    0x0800a850   0x0800a850   0x00000034   Code   RO         8143    i.WM8978_LINEIN_Gain  wm8978.o
    0x0800a884   0x0800a884   0x00000022   Code   RO         8145    i.WM8978_Output_Cfg  wm8978.o
    0x0800a8a6   0x0800a8a6   0x00000020   Code   RO         8147    i.WM8978_SPKvol_Set  wm8978.o
    0x0800a8c6   0x0800a8c6   0x00000002   PAD
    0x0800a8c8   0x0800a8c8   0x00000054   Code   RO         8148    i.WM8978_Write_Reg  wm8978.o
    0x0800a91c   0x0800a91c   0x00000020   Code   RO         1088    i.__NVIC_SetPriority  stm32h7xx_hal_cortex.o
    0x0800a93c   0x0800a93c   0x0000000e   Code   RO        10463    i._is_digit         c_w.l(__printf_wp.o)
    0x0800a94a   0x0800a94a   0x00000002   Code   RO          691    i._sys_exit         usart.o
    0x0800a94c   0x0800a94c   0x000000d4   Code   RO        10344    i.audio_msg_show    audioplay.o
    0x0800aa20   0x0800aa20   0x00000050   Code   RO        10346    i.audio_play_song   audioplay.o
    0x0800aa70   0x0800aa70   0x00000010   Code   RO        10347    i.audio_start       audioplay.o
    0x0800aa80   0x0800aa80   0x00000010   Code   RO        10348    i.audio_stop        audioplay.o
    0x0800aa90   0x0800aa90   0x00000078   Code   RO         9215    i.change_bitmap     ff.o
    0x0800ab08   0x0800ab08   0x0000000e   Code   RO         8928    i.char_upper        exfuns.o
    0x0800ab16   0x0800ab16   0x00000002   PAD
    0x0800ab18   0x0800ab18   0x0000008c   Code   RO         9216    i.check_fs          ff.o
    0x0800aba4   0x0800aba4   0x00000010   Code   RO         9217    i.chk_chr           ff.o
    0x0800abb4   0x0800abb4   0x00000032   Code   RO         9218    i.clmt_clust        ff.o
    0x0800abe6   0x0800abe6   0x00000018   Code   RO         9219    i.clst2sect         ff.o
    0x0800abfe   0x0800abfe   0x00000002   PAD
    0x0800ac00   0x0800ac00   0x00000084   Code   RO         9220    i.cmp_lfn           ff.o
    0x0800ac84   0x0800ac84   0x0000016a   Code   RO         9221    i.create_chain      ff.o
    0x0800adee   0x0800adee   0x00000002   PAD
    0x0800adf0   0x0800adf0   0x00000210   Code   RO         9222    i.create_name       ff.o
    0x0800b000   0x0800b000   0x0000007c   Code   RO         9223    i.create_xdir       ff.o
    0x0800b07c   0x0800b07c   0x00000010   Code   RO         9224    i.dbc_1st           ff.o
    0x0800b08c   0x0800b08c   0x00000014   Code   RO          601    i.delay_init        delay.o
    0x0800b0a0   0x0800b0a0   0x0000001a   Code   RO          602    i.delay_ms          delay.o
    0x0800b0ba   0x0800b0ba   0x00000002   PAD
    0x0800b0bc   0x0800b0bc   0x00000034   Code   RO          603    i.delay_us          delay.o
    0x0800b0f0   0x0800b0f0   0x00000058   Code   RO         9225    i.dir_alloc         ff.o
    0x0800b148   0x0800b148   0x000000aa   Code   RO         9226    i.dir_clear         ff.o
    0x0800b1f2   0x0800b1f2   0x00000146   Code   RO         9227    i.dir_find          ff.o
    0x0800b338   0x0800b338   0x000000c2   Code   RO         9228    i.dir_next          ff.o
    0x0800b3fa   0x0800b3fa   0x000000e2   Code   RO         9229    i.dir_read          ff.o
    0x0800b4dc   0x0800b4dc   0x0000023c   Code   RO         9230    i.dir_register      ff.o
    0x0800b718   0x0800b718   0x00000096   Code   RO         9232    i.dir_sdi           ff.o
    0x0800b7ae   0x0800b7ae   0x00000028   Code   RO         9167    i.disk_initialize   diskio.o
    0x0800b7d6   0x0800b7d6   0x00000002   PAD
    0x0800b7d8   0x0800b7d8   0x000000a4   Code   RO         9168    i.disk_ioctl        diskio.o
    0x0800b87c   0x0800b87c   0x0000006a   Code   RO         9169    i.disk_read         diskio.o
    0x0800b8e6   0x0800b8e6   0x00000004   Code   RO         9170    i.disk_status       diskio.o
    0x0800b8ea   0x0800b8ea   0x00000066   Code   RO         9171    i.disk_write        diskio.o
    0x0800b950   0x0800b950   0x00000064   Code   RO         8934    i.exfuns_init       exfuns.o
    0x0800b9b4   0x0800b9b4   0x0000001e   Code   RO         9233    i.f_close           ff.o
    0x0800b9d2   0x0800b9d2   0x0000030e   Code   RO         9238    i.f_lseek           ff.o
    0x0800bce0   0x0800bce0   0x00000048   Code   RO         9241    i.f_mount           ff.o
    0x0800bd28   0x0800bd28   0x0000028e   Code   RO         9242    i.f_open            ff.o
    0x0800bfb6   0x0800bfb6   0x00000176   Code   RO         9247    i.f_read            ff.o
    0x0800c12c   0x0800c12c   0x00000168   Code   RO         9252    i.f_sync            ff.o
    0x0800c294   0x0800c294   0x00000088   Code   RO         8935    i.f_typetell        exfuns.o
    0x0800c31c   0x0800c31c   0x00000008   Code   RO         9669    i.ff_memalloc       ffsystem.o
    0x0800c324   0x0800c324   0x00000008   Code   RO         9670    i.ff_memfree        ffsystem.o
    0x0800c32c   0x0800c32c   0x00000070   Code   RO         9705    i.ff_oem2uni        myffunicode.o
    0x0800c39c   0x0800c39c   0x00000070   Code   RO         9706    i.ff_uni2oem        myffunicode.o
    0x0800c40c   0x0800c40c   0x00000088   Code   RO         9707    i.ff_wtoupper       myffunicode.o
    0x0800c494   0x0800c494   0x0000002e   Code   RO         9256    i.fill_first_frag   ff.o
    0x0800c4c2   0x0800c4c2   0x00000032   Code   RO         9257    i.fill_last_frag    ff.o
    0x0800c4f4   0x0800c4f4   0x00000090   Code   RO         9258    i.find_bitmap       ff.o
    0x0800c584   0x0800c584   0x00000368   Code   RO         9259    i.find_volume       ff.o
    0x0800c8ec   0x0800c8ec   0x0000009c   Code   RO         9260    i.follow_path       ff.o
    0x0800c988   0x0800c988   0x00000040   Code   RO         9784    i.font_init         fontupd.o
    0x0800c9c8   0x0800c9c8   0x00000018   Code   RO          692    i.fputc             usart.o
    0x0800c9e0   0x0800c9e0   0x00000090   Code   RO         9261    i.gen_numname       ff.o
    0x0800ca70   0x0800ca70   0x00000132   Code   RO         9262    i.get_fat           ff.o
    0x0800cba2   0x0800cba2   0x00000004   Code   RO         9671    i.get_fattime       ffsystem.o
    0x0800cba6   0x0800cba6   0x00000036   Code   RO         9264    i.get_ldnumber      ff.o
    0x0800cbdc   0x0800cbdc   0x00000014   Code   RO         8345    i.image_getcolor    lcd.o
    0x0800cbf0   0x0800cbf0   0x0000002e   Code   RO         9266    i.init_alloc_info   ff.o
    0x0800cc1e   0x0800cc1e   0x00000026   Code   RO         9267    i.ld_clust          ff.o
    0x0800cc44   0x0800cc44   0x00000016   Code   RO         9268    i.ld_dword          ff.o
    0x0800cc5a   0x0800cc5a   0x00000056   Code   RO         9269    i.ld_qword          ff.o
    0x0800ccb0   0x0800ccb0   0x0000000a   Code   RO         9270    i.ld_word           ff.o
    0x0800ccba   0x0800ccba   0x0000003a   Code   RO         9271    i.load_obj_xdir     ff.o
    0x0800ccf4   0x0800ccf4   0x000000d0   Code   RO         9272    i.load_xdir         ff.o
    0x0800cdc4   0x0800cdc4   0x00000280   Code   RO            4    i.main              main.o
    0x0800d044   0x0800d044   0x00000018   Code   RO         9273    i.mem_cmp           ff.o
    0x0800d05c   0x0800d05c   0x00000012   Code   RO         9274    i.mem_cpy           ff.o
    0x0800d06e   0x0800d06e   0x0000000c   Code   RO         9275    i.mem_set           ff.o
    0x0800d07a   0x0800d07a   0x00000032   Code   RO         9276    i.move_window       ff.o
    0x0800d0ac   0x0800d0ac   0x00000058   Code   RO         8839    i.my_mem_free       malloc.o
    0x0800d104   0x0800d104   0x0000002c   Code   RO         8840    i.my_mem_init       malloc.o
    0x0800d130   0x0800d130   0x00000088   Code   RO         8841    i.my_mem_malloc     malloc.o
    0x0800d1b8   0x0800d1b8   0x0000003c   Code   RO         8842    i.my_mem_perused    malloc.o
    0x0800d1f4   0x0800d1f4   0x00000134   Code   RO        10349    i.my_play           audioplay.o
    0x0800d328   0x0800d328   0x00000018   Code   RO         8843    i.myfree            malloc.o
    0x0800d340   0x0800d340   0x00000020   Code   RO         8844    i.mymalloc          malloc.o
    0x0800d360   0x0800d360   0x0000000c   Code   RO         8846    i.mymemset          malloc.o
    0x0800d36c   0x0800d36c   0x00000070   Code   RO         9277    i.pick_lfn          ff.o
    0x0800d3dc   0x0800d3dc   0x000000f6   Code   RO         9278    i.put_fat           ff.o
    0x0800d4d2   0x0800d4d2   0x00000004   Code   RO         8647    i.read_addr         usmart.o
    0x0800d4d6   0x0800d4d6   0x0000010c   Code   RO         9283    i.remove_chain      ff.o
    0x0800d5e2   0x0800d5e2   0x00000028   Code   RO         9284    i.st_clust          ff.o
    0x0800d60a   0x0800d60a   0x00000010   Code   RO         9285    i.st_dword          ff.o
    0x0800d61a   0x0800d61a   0x0000004a   Code   RO         9286    i.st_qword          ff.o
    0x0800d664   0x0800d664   0x00000008   Code   RO         9287    i.st_word           ff.o
    0x0800d66c   0x0800d66c   0x0000006a   Code   RO         9288    i.store_xdir        ff.o
    0x0800d6d6   0x0800d6d6   0x0000001a   Code   RO         9289    i.sum_sfn           ff.o
    0x0800d6f0   0x0800d6f0   0x00000088   Code   RO         9290    i.sync_fs           ff.o
    0x0800d778   0x0800d778   0x00000046   Code   RO         9291    i.sync_window       ff.o
    0x0800d7be   0x0800d7be   0x0000004e   Code   RO         9292    i.tchar2uni         ff.o
    0x0800d80c   0x0800d80c   0x00000048   Code   RO         7707    i.test_copypageandwrite  nandtester.o
    0x0800d854   0x0800d854   0x00000078   Code   RO         7708    i.test_ftlreadsectors  nandtester.o
    0x0800d8cc   0x0800d8cc   0x0000003e   Code   RO         7709    i.test_ftlwritesectors  nandtester.o
    0x0800d90a   0x0800d90a   0x00000002   PAD
    0x0800d90c   0x0800d90c   0x00000078   Code   RO         7710    i.test_readallblockinfo  nandtester.o
    0x0800d984   0x0800d984   0x00000080   Code   RO         7711    i.test_readpage     nandtester.o
    0x0800da04   0x0800da04   0x00000078   Code   RO         7712    i.test_readspare    nandtester.o
    0x0800da7c   0x0800da7c   0x00000040   Code   RO         7713    i.test_writepage    nandtester.o
    0x0800dabc   0x0800dabc   0x00000038   Code   RO          693    i.uart_init         usart.o
    0x0800daf4   0x0800daf4   0x00000094   Code   RO         8648    i.usmart_cmd_rec    usmart.o
    0x0800db88   0x0800db88   0x00000260   Code   RO         8649    i.usmart_exe        usmart.o
    0x0800dde8   0x0800dde8   0x000000a4   Code   RO         8734    i.usmart_get_aparm  usmart_str.o
    0x0800de8c   0x0800de8c   0x0000002e   Code   RO         8735    i.usmart_get_cmdname  usmart_str.o
    0x0800deba   0x0800deba   0x00000002   PAD
    0x0800debc   0x0800debc   0x00000168   Code   RO         8736    i.usmart_get_fname  usmart_str.o
    0x0800e024   0x0800e024   0x000000d0   Code   RO         8737    i.usmart_get_fparam  usmart_str.o
    0x0800e0f4   0x0800e0f4   0x00000024   Code   RO         8738    i.usmart_get_parmpos  usmart_str.o
    0x0800e118   0x0800e118   0x00000030   Code   RO         8650    i.usmart_get_runtime  usmart.o
    0x0800e148   0x0800e148   0x00000028   Code   RO         8651    i.usmart_init       usmart.o
    0x0800e170   0x0800e170   0x00000010   Code   RO         8739    i.usmart_pow        usmart_str.o
    0x0800e180   0x0800e180   0x00000028   Code   RO         8652    i.usmart_reset_runtime  usmart.o
    0x0800e1a8   0x0800e1a8   0x000000a4   Code   RO         8653    i.usmart_scan       usmart.o
    0x0800e24c   0x0800e24c   0x00000010   Code   RO         8740    i.usmart_search_nextc  usmart_str.o
    0x0800e25c   0x0800e25c   0x000000d6   Code   RO         8741    i.usmart_str2num    usmart_str.o
    0x0800e332   0x0800e332   0x00000018   Code   RO         8742    i.usmart_strcmp     usmart_str.o
    0x0800e34a   0x0800e34a   0x00000012   Code   RO         8743    i.usmart_strcopy    usmart_str.o
    0x0800e35c   0x0800e35c   0x00000012   Code   RO         8744    i.usmart_strlen     usmart_str.o
    0x0800e36e   0x0800e36e   0x00000002   PAD
    0x0800e370   0x0800e370   0x00000680   Code   RO         8654    i.usmart_sys_cmd_exe  usmart.o
    0x0800e9f0   0x0800e9f0   0x00000034   Code   RO         9293    i.validate          ff.o
    0x0800ea24   0x0800ea24   0x00000070   Code   RO        10286    i.wav_buffill       wavplay.o
    0x0800ea94   0x0800ea94   0x000001d4   Code   RO        10287    i.wav_decode_init   wavplay.o
    0x0800ec68   0x0800ec68   0x00000040   Code   RO        10288    i.wav_get_curtime   wavplay.o
    0x0800eca8   0x0800eca8   0x000001cc   Code   RO        10289    i.wav_play_song     wavplay.o
    0x0800ee74   0x0800ee74   0x00000054   Code   RO        10290    i.wav_sai_dma_tx_callback  wavplay.o
    0x0800eec8   0x0800eec8   0x00000004   Code   RO         8655    i.write_addr        usmart.o
    0x0800eecc   0x0800eecc   0x00000034   Code   RO         9294    i.xdir_sum          ff.o
    0x0800ef00   0x0800ef00   0x0000003e   Code   RO         9295    i.xname_sum         ff.o
    0x0800ef3e   0x0800ef3e   0x0000000a   Code   RO        10623    x$fpl$fpinit        fz_wv.l(fpinit.o)
    0x0800ef48   0x0800ef48   0x00000010   Data   RO          486    .constdata          system_stm32h7xx.o
    0x0800ef58   0x0800ef58   0x00000008   Data   RO         1227    .constdata          stm32h7xx_hal_dma.o
    0x0800ef60   0x0800ef60   0x00000018   Data   RO         2296    .constdata          stm32h7xx_hal_uart.o
    0x0800ef78   0x0800ef78   0x0000006e   Data   RO         8065    .constdata          sai.o
    0x0800efe6   0x0800efe6   0x00008e80   Data   RO         8348    .constdata          lcd.o
    0x08017e66   0x08017e66   0x0001e850   Data   RO         8558    .constdata          e401.o
    0x080366b6   0x080366b6   0x0001e850   Data   RO         8565    .constdata          e411.o
    0x08054f06   0x08054f06   0x0001e850   Data   RO         8572    .constdata          e421.o
    0x08073756   0x08073756   0x0001e850   Data   RO         8579    .constdata          e431.o
    0x08091fa6   0x08091fa6   0x0001e850   Data   RO         8586    .constdata          e441.o
    0x080b07f6   0x080b07f6   0x0001e850   Data   RO         8593    .constdata          e451.o
    0x080cf046   0x080cf046   0x0001e850   Data   RO         8600    .constdata          e461.o
    0x080ed896   0x080ed896   0x0001e850   Data   RO         8607    .constdata          e471.o
    0x0810c0e6   0x0810c0e6   0x0001e850   Data   RO         8614    .constdata          e481.o
    0x0812a936   0x0812a936   0x0001e850   Data   RO         8621    .constdata          e491.o
    0x08149186   0x08149186   0x0001e850   Data   RO         8628    .constdata          e501.o
    0x081679d6   0x081679d6   0x0001e850   Data   RO         8635    .constdata          e511.o
    0x08186226   0x08186226   0x00000002   PAD
    0x08186228   0x08186228   0x00000048   Data   RO         8860    .constdata          malloc.o
    0x08186270   0x08186270   0x00000070   Data   RO         8939    .constdata          exfuns.o
    0x081862e0   0x081862e0   0x0000003c   Data   RO         9298    .constdata          ff.o
    0x0818631c   0x0818631c   0x000002ae   Data   RO         9708    .constdata          myffunicode.o
    0x081865ca   0x081865ca   0x00000028   Data   RO        10436    .constdata          c_w.l(_printf_hex_int.o)
    0x081865f2   0x081865f2   0x00000011   Data   RO        10471    .constdata          c_w.l(__printf_flags_ss_wp.o)
    0x08186603   0x08186603   0x00000001   PAD
    0x08186604   0x08186604   0x00000028   Data   RO         8657    .conststring        usmart.o
    0x0818662c   0x0818662c   0x0000039d   Data   RO         8813    .conststring        usmart_config.o
    0x081869c9   0x081869c9   0x00000003   PAD
    0x081869cc   0x081869cc   0x00000048   Data   RO         8940    .conststring        exfuns.o
    0x08186a14   0x08186a14   0x00000020   Data   RO        10679    Region$$Table       anon$$obj.o


    Execution Region RW_IRAM2 (Exec base: 0x24000000, Load base: 0x08186a34, Size: 0x00079c98, Max: 0x00080000, ABSOLUTE, COMPRESSED[0x00000144])

    Exec Addr    Load Addr    Size         Type   Attr      Idx    E Section Name        Object

    0x24000000   COMPRESSED   0x00000018   Data   RW            5    .data               main.o
    0x24000018   COMPRESSED   0x00000004   Data   RW          487    .data               system_stm32h7xx.o
    0x2400001c   COMPRESSED   0x00000004   Data   RW          488    .data               system_stm32h7xx.o
    0x24000020   COMPRESSED   0x0000000c   Data   RW          555    .data               xbqreceive.o
    0x2400002c   COMPRESSED   0x00000004   Data   RW          604    .data               delay.o
    0x24000030   COMPRESSED   0x00000002   Data   RW          696    .data               usart.o
    0x24000032   COMPRESSED   0x00000002   PAD
    0x24000034   COMPRESSED   0x00000004   Data   RW          697    .data               usart.o
    0x24000038   COMPRESSED   0x0000000c   Data   RW          804    .data               stm32h7xx_hal.o
    0x24000044   COMPRESSED   0x00000001   Data   RW         6864    .data               key.o
    0x24000045   COMPRESSED   0x00000003   PAD
    0x24000048   COMPRESSED   0x00000008   Data   RW         7305    .data               sdmmc_sdcard.o
    0x24000050   COMPRESSED   0x00000004   Data   RW         7466    .data               ftl.o
    0x24000054   COMPRESSED   0x00000004   Data   RW         7840    .data               w25qxx.o
    0x24000058   COMPRESSED   0x00000010   Data   RW         7957    .data               jpegcodec.o
    0x24000068   COMPRESSED   0x00000004   Data   RW         8066    .data               sai.o
    0x2400006c   COMPRESSED   0x00000074   Data   RW         8149    .data               wm8978.o
    0x240000e0   COMPRESSED   0x00000008   Data   RW         8349    .data               lcd.o
    0x240000e8   COMPRESSED   0x0000001c   Data   RW         8658    .data               usmart.o
    0x24000104   COMPRESSED   0x000000b8   Data   RW         8814    .data               usmart_config.o
    0x240001bc   COMPRESSED   0x000000f4   Data   RW         8815    .data               usmart_config.o
    0x240002b0   COMPRESSED   0x00000040   Data   RW         8861    .data               malloc.o
    0x240002f0   COMPRESSED   0x0000000c   Data   RW         8941    .data               exfuns.o
    0x240002fc   COMPRESSED   0x00000002   Data   RW         9300    .data               ff.o
    0x240002fe   COMPRESSED   0x00000002   Data   RW        10292    .data               wavplay.o
    0x24000300   COMPRESSED   0x00000002   Data   RW        10351    .data               audioplay.o
    0x24000302   COMPRESSED   0x00000002   PAD
    0x24000304        -       0x000000c8   Zero   RW          694    .bss                usart.o
    0x240003cc        -       0x00000080   Zero   RW          695    .bss                usart.o
    0x2400044c        -       0x00000034   Zero   RW         6929    .bss                sdram.o
    0x24000480        -       0x00000278   Zero   RW         7304    .bss                sdmmc_sdcard.o
    0x240006f8        -       0x0000009c   Zero   RW         7576    .bss                nand.o
    0x24000794        -       0x0000004c   Zero   RW         7775    .bss                qspi.o
    0x240007e0        -       0x00001000   Zero   RW         7839    .bss                w25qxx.o
    0x240017e0        -       0x0000010c   Zero   RW         8064    .bss                sai.o
    0x240018ec        -       0x00000010   Zero   RW         8268    .bss                rng.o
    0x240018fc        -       0x0000005a   Zero   RW         8347    .bss                lcd.o
    0x24001956   COMPRESSED   0x00000002   PAD
    0x24001958        -       0x00000040   Zero   RW         8656    .bss                usmart.o
    0x24001998   COMPRESSED   0x00000028   PAD
    0x240019c0        -       0x00070000   Zero   RW         8858    .bss                malloc.o
    0x240719c0        -       0x00007000   Zero   RW         8859    .bss                malloc.o
    0x240789c0        -       0x0000000c   Zero   RW         8936    .bss                exfuns.o
    0x240789cc        -       0x0000000c   Zero   RW         9297    .bss                ff.o
    0x240789d8        -       0x00000029   Zero   RW         9788    .bss                fontupd.o
    0x24078a01        -       0x00000020   Zero   RW        10291    .bss                wavplay.o
    0x24078a21        -       0x00000011   Zero   RW        10350    .bss                audioplay.o
    0x24078a32   COMPRESSED   0x00000002   PAD
    0x24078a34        -       0x00000060   Zero   RW        10555    .bss                c_w.l(libspace.o)
    0x24078a94   COMPRESSED   0x00000004   PAD
    0x24078a98        -       0x00000200   Zero   RW          592    HEAP                startup_stm32h743xx.o
    0x24078c98        -       0x00001000   Zero   RW          591    STACK               startup_stm32h743xx.o



  Load Region LR$$.ARM.__AT_0x00000000 (Base: 0x00000000, Size: 0x00000000, Max: 0x0000f000, ABSOLUTE)

    Execution Region ER$$.ARM.__AT_0x00000000 (Exec base: 0x00000000, Load base: 0x00000000, Size: 0x0000f000, Max: 0x0000f000, ABSOLUTE, UNINIT)

    Exec Addr    Load Addr    Size         Type   Attr      Idx    E Section Name        Object

    0x00000000        -       0x0000f000   Zero   RW         8848    .ARM.__AT_0x00000000  malloc.o



  Load Region LR$$.ARM.__AT_0x0000F000 (Base: 0x0000f000, Size: 0x00000000, Max: 0x00000f00, ABSOLUTE)

    Execution Region ER$$.ARM.__AT_0x0000F000 (Exec base: 0x0000f000, Load base: 0x0000f000, Size: 0x00000f00, Max: 0x00000f00, ABSOLUTE, UNINIT)

    Exec Addr    Load Addr    Size         Type   Attr      Idx    E Section Name        Object

    0x0000f000        -       0x00000f00   Zero   RW         8849    .ARM.__AT_0x0000F000  malloc.o



  Load Region LR$$.ARM.__AT_0x20000000 (Base: 0x20000000, Size: 0x00000000, Max: 0x0001e000, ABSOLUTE)

    Execution Region ER$$.ARM.__AT_0x20000000 (Exec base: 0x20000000, Load base: 0x20000000, Size: 0x0001e000, Max: 0x0001e000, ABSOLUTE, UNINIT)

    Exec Addr    Load Addr    Size         Type   Attr      Idx    E Section Name        Object

    0x20000000        -       0x0001e000   Zero   RW         8850    .ARM.__AT_0x20000000  malloc.o



  Load Region LR$$.ARM.__AT_0x2001E000 (Base: 0x2001e000, Size: 0x00000000, Max: 0x00001e00, ABSOLUTE)

    Execution Region ER$$.ARM.__AT_0x2001E000 (Exec base: 0x2001e000, Load base: 0x2001e000, Size: 0x00001e00, Max: 0x00001e00, ABSOLUTE, UNINIT)

    Exec Addr    Load Addr    Size         Type   Attr      Idx    E Section Name        Object

    0x2001e000        -       0x00001e00   Zero   RW         8851    .ARM.__AT_0x2001E000  malloc.o



  Load Region LR$$.ARM.__AT_0x30000000 (Base: 0x30000000, Size: 0x00000000, Max: 0x0003c000, ABSOLUTE)

    Execution Region ER$$.ARM.__AT_0x30000000 (Exec base: 0x30000000, Load base: 0x30000000, Size: 0x0003c000, Max: 0x0003c000, ABSOLUTE, UNINIT)

    Exec Addr    Load Addr    Size         Type   Attr      Idx    E Section Name        Object

    0x30000000        -       0x0003c000   Zero   RW         8852    .ARM.__AT_0x30000000  malloc.o



  Load Region LR$$.ARM.__AT_0x3003C000 (Base: 0x3003c000, Size: 0x00000000, Max: 0x00003c00, ABSOLUTE)

    Execution Region ER$$.ARM.__AT_0x3003C000 (Exec base: 0x3003c000, Load base: 0x3003c000, Size: 0x00003c00, Max: 0x00003c00, ABSOLUTE, UNINIT)

    Exec Addr    Load Addr    Size         Type   Attr      Idx    E Section Name        Object

    0x3003c000        -       0x00003c00   Zero   RW         8853    .ARM.__AT_0x3003C000  malloc.o



  Load Region LR$$.ARM.__AT_0x38000000 (Base: 0x38000000, Size: 0x00000000, Max: 0x0000f000, ABSOLUTE)

    Execution Region ER$$.ARM.__AT_0x38000000 (Exec base: 0x38000000, Load base: 0x38000000, Size: 0x0000f000, Max: 0x0000f000, ABSOLUTE, UNINIT)

    Exec Addr    Load Addr    Size         Type   Attr      Idx    E Section Name        Object

    0x38000000        -       0x0000f000   Zero   RW         8854    .ARM.__AT_0x38000000  malloc.o



  Load Region LR$$.ARM.__AT_0x3800F000 (Base: 0x3800f000, Size: 0x00000000, Max: 0x00000f00, ABSOLUTE)

    Execution Region ER$$.ARM.__AT_0x3800F000 (Exec base: 0x3800f000, Load base: 0x3800f000, Size: 0x00000f00, Max: 0x00000f00, ABSOLUTE, UNINIT)

    Exec Addr    Load Addr    Size         Type   Attr      Idx    E Section Name        Object

    0x3800f000        -       0x00000f00   Zero   RW         8855    .ARM.__AT_0x3800F000  malloc.o



  Load Region LR$$.ARM.__AT_0xC0000000 (Base: 0xc0000000, Size: 0x00000000, Max: 0x001f4000, ABSOLUTE)

    Execution Region ER$$.ARM.__AT_0xC0000000 (Exec base: 0xc0000000, Load base: 0xc0000000, Size: 0x001f4000, Max: 0x001f4000, ABSOLUTE, UNINIT)

    Exec Addr    Load Addr    Size         Type   Attr      Idx    E Section Name        Object

    0xc0000000        -       0x001f4000   Zero   RW         6998    .ARM.__AT_0xC0000000  ltdc.o



  Load Region LR$$.ARM.__AT_0xC01F4000 (Base: 0xc01f4000, Size: 0x00000000, Max: 0x01c3c000, ABSOLUTE)

    Execution Region ER$$.ARM.__AT_0xC01F4000 (Exec base: 0xc01f4000, Load base: 0xc01f4000, Size: 0x01c3c000, Max: 0x01c3c000, ABSOLUTE, UNINIT)

    Exec Addr    Load Addr    Size         Type   Attr      Idx    E Section Name        Object

    0xc01f4000        -       0x01c3c000   Zero   RW         8856    .ARM.__AT_0xC01F4000  malloc.o



  Load Region LR$$.ARM.__AT_0xC1E30000 (Base: 0xc1e30000, Size: 0x00000000, Max: 0x001c3c00, ABSOLUTE)

    Execution Region ER$$.ARM.__AT_0xC1E30000 (Exec base: 0xc1e30000, Load base: 0xc1e30000, Size: 0x001c3c00, Max: 0x001c3c00, ABSOLUTE, UNINIT)

    Exec Addr    Load Addr    Size         Type   Attr      Idx    E Section Name        Object

    0xc1e30000        -       0x001c3c00   Zero   RW         8857    .ARM.__AT_0xC1E30000  malloc.o


==============================================================================

Image component sizes


      Code (inc. data)   RO Data    RW Data    ZI Data      Debug   Object Name

       632        282          0          2         17       3995   audioplay.o
        98          8          0          4          0       1871   delay.o
       416          8          0          0          0       4926   diskio.o
         0          0     125008          0          0        306   e401.o
         0          0     125008          0          0        306   e411.o
         0          0     125008          0          0        306   e421.o
         0          0     125008          0          0        306   e431.o
         0          0     125008          0          0        306   e441.o
         0          0     125008          0          0        306   e451.o
         0          0     125008          0          0        306   e461.o
         0          0     125008          0          0        306   e471.o
         0          0     125008          0          0        306   e481.o
         0          0     125008          0          0        306   e491.o
         0          0     125008          0          0        306   e501.o
         0          0     125008          0          0        306   e511.o
       250         12        184         12         12       3008   exfuns.o
      9200        104         60          2         12      74201   ff.o
        20          0          0          0          0       1445   ffsystem.o
        64          6          0          0         41       1951   fontupd.o
      1904        296          0          4          0      11383   ftl.o
       228         20          0         16          0       3467   jpegcodec.o
       344         34          0          1          0       1714   key.o
     12046        300      36480          8         90      26449   lcd.o
        76          8          0          0          0        823   led.o
         0          0          0          0    2048000       2006   ltdc.o
       640        104          0         24          0    1282927   main.o
       396         42         72         64   32465920       7004   malloc.o
       132          0          0          0          0       1361   mpu.o
       360         28        686          0          0       3268   myffunicode.o
       448         28          0          0          0       3125   myiic.o
      2872        358          0          0        156      18760   nand.o
       686        150          0          0          0       5827   nandtester.o
       348         36          0          0         76       3589   qspi.o
       156         18          0          0         16       2329   rng.o
       840        102        110          4        268       5699   sai.o
      3502        278          0          8        632      27124   sdmmc_sdcard.o
       484         46          0          0         52       3362   sdram.o
        64         26        664          0       4608        804   startup_stm32h743xx.o
       152         28          0         12          0       4399   stm32h7xx_hal.o
       370         28          0          0          0      40799   stm32h7xx_hal_cortex.o
      1036         70          8          0          0       6767   stm32h7xx_hal_dma.o
       206          4          0          0          0       2325   stm32h7xx_hal_dma_ex.o
       516         50          0          0          0       3916   stm32h7xx_hal_gpio.o
         2          0          0          0          0        426   stm32h7xx_hal_msp.o
        96          4          0          0          0       1339   stm32h7xx_hal_nand.o
      1254          8          0          0          0       6948   stm32h7xx_hal_qspi.o
      2040        108          0          0          0       6356   stm32h7xx_hal_rcc.o
      3892        208          0          0          0      10429   stm32h7xx_hal_rcc_ex.o
       210          0          0          0          0       3147   stm32h7xx_hal_rng.o
       926         48          0          0          0       4232   stm32h7xx_hal_sai.o
       160          4          0          0          0       2656   stm32h7xx_hal_sdram.o
       100          4          0          0          0       1188   stm32h7xx_hal_sram.o
       272         32          0          0          0       3914   stm32h7xx_hal_tim.o
      2702        122         24          0          0      33624   stm32h7xx_hal_uart.o
         2          0          0          0          0        992   stm32h7xx_hal_uart_ex.o
        18          0          0          0          0       3386   stm32h7xx_it.o
       634         24          0          0          0       7765   stm32h7xx_ll_fmc.o
       320         18          0          0          0      36817   sys.o
       132         16         16          8          0       1114   system_stm32h7xx.o
       242         42          0          6        328       4643   usart.o
      2856       1354         40         28         64       7743   usmart.o
         0          0        925        428          0       1584   usmart_config.o
      1120         20          0          0          0       9339   usmart_str.o
       832         38          0          4       4096       8388   w25qxx.o
      1188        238          0          2         32       5093   wavplay.o
       570         28          0        116          0       6955   wm8978.o
       124         20          0         12          0       2081   xbqreceive.o

    ----------------------------------------------------------------------
     58236       4810    1539402        772   34524464    1734455   Object Totals
         0          0         32          0          0          0   (incl. Generated)
        58          0          5          7         44          0   (incl. Padding)

    ----------------------------------------------------------------------

      Code (inc. data)   RO Data    RW Data    ZI Data      Debug   Library Member Name

        90          0          0          0          0          0   __dczerorl2.o
         8          0          0          0          0         68   __main.o
       392          4         17          0          0         92   __printf_flags_ss_wp.o
        14          0          0          0          0         68   __printf_wp.o
         0          0          0          0          0          0   __rtentry.o
        12          0          0          0          0          0   __rtentry2.o
         6          0          0          0          0          0   __rtentry4.o
        52          8          0          0          0          0   __scatter.o
        28          0          0          0          0          0   __scatter_zi.o
         6          0          0          0          0          0   _printf_c.o
        44          0          0          0          0        108   _printf_char.o
        48          6          0          0          0         96   _printf_char_common.o
        36          4          0          0          0         80   _printf_char_file.o
         6          0          0          0          0          0   _printf_d.o
       120         16          0          0          0         92   _printf_dec.o
        88          4         40          0          0         88   _printf_hex_int.o
       178          0          0          0          0         88   _printf_intcommon.o
        78          0          0          0          0        108   _printf_pad.o
         0          0          0          0          0          0   _printf_percent.o
         4          0          0          0          0          0   _printf_percent_end.o
         6          0          0          0          0          0   _printf_s.o
        82          0          0          0          0         80   _printf_str.o
         6          0          0          0          0          0   _printf_u.o
         6          0          0          0          0          0   _printf_x.o
        18          0          0          0          0         80   exit.o
         8          0          0          0          0         68   ferror.o
         6          0          0          0          0        152   heapauxi.o
         2          0          0          0          0          0   libinit.o
         6          0          0          0          0          0   libinit2.o
         2          0          0          0          0          0   libshutdown.o
         2          0          0          0          0          0   libshutdown2.o
         8          4          0          0         96         68   libspace.o
        72          0          0          0          0         76   llsdiv.o
       238          0          0          0          0        100   lludivv7m.o
        24          4          0          0          0         84   noretval__2printf.o
        68          0          0          0          0         68   rt_memclr.o
        78          0          0          0          0         80   rt_memclr_w.o
       138          0          0          0          0         68   rt_memcpy_v6.o
       100          0          0          0          0         80   rt_memcpy_w.o
         2          0          0          0          0          0   rtexit.o
        10          0          0          0          0          0   rtexit2.o
       104          0          0          0          0         68   strcmpv7m_pel.o
        72          0          0          0          0         80   strcpy.o
        74          0          0          0          0         80   sys_stackheap_outer.o
        10          0          0          0          0        116   fpinit.o

    ----------------------------------------------------------------------
      2356         50         58          0        100       2236   Library Totals
         4          0          1          0          4          0   (incl. Padding)

    ----------------------------------------------------------------------

      Code (inc. data)   RO Data    RW Data    ZI Data      Debug   Library Name

      2342         50         57          0         96       2120   c_w.l
        10          0          0          0          0        116   fz_wv.l

    ----------------------------------------------------------------------
      2356         50         58          0        100       2236   Library Totals

    ----------------------------------------------------------------------

==============================================================================


      Code (inc. data)   RO Data    RW Data    ZI Data      Debug   

     60592       4860    1539460        772   34524564    1699699   Grand Totals
     60592       4860    1539460        324   34524564    1699699   ELF Image Totals (compressed)
     60592       4860    1539460        324          0          0   ROM Totals

==============================================================================

    Total RO  Size (Code + RO Data)              1600052 (1562.55kB)
    Total RW  Size (RW Data + ZI Data)          34525336 (33716.15kB)
    Total ROM Size (Code + RO Data + RW Data)    1600376 (1562.87kB)

==============================================================================

