<html>
<body>
<pre>
<h1>礦ision Build Log</h1>
<h2>Tool Versions:</h2>
IDE-Version: μVision V5.31.0.0
Copyright (C) 2020 ARM Ltd and ARM Germany GmbH. All rights reserved.
License Information: 34 34, LG, LIC=KRMW3-AIT29-AR4XW-Q509C-5AINE-VHDHM
 
Tool Versions:
Toolchain:       MDK-ARM Plus  Version: 5.31.0.0
Toolchain Path:  E:\KEIL\ARM\ARMCC\Bin
C Compiler:      Armcc.exe V5.06 update 6 (build 750)
Assembler:       Armasm.exe V5.06 update 6 (build 750)
Linker/Locator:  ArmLink.exe V5.06 update 6 (build 750)
Library Manager: ArmAr.exe V5.06 update 6 (build 750)
Hex Converter:   FromElf.exe V5.06 update 6 (build 750)
CPU DLL:         SARMCM3.DLL V5.31.0.0
Dialog DLL:      DCM.DLL V1.17.3.0
Target DLL:      STLink\ST-LINKIII-KEIL_SWO.dll V3.0.7.0
Dialog DLL:      TCM.DLL V1.46.0.0
 
<h2>Project:</h2>
D:\嵌入式最终版本\USER\AudioPlayer.uvprojx
Project File Date:  11/10/2020

<h2>Output:</h2>
*** Using Compiler 'V5.06 update 6 (build 750)', folder: 'E:\KEIL\ARM\ARMCC\Bin'
Rebuild target 'AudioPlayer'
assembling startup_stm32h743xx.s...
compiling stm32h7xx_hal_msp.c...
compiling delay.c...
compiling stm32h7xx_it.c...
compiling XBQreceive.c...
compiling main.c...
compiling sys.c...
compiling system_stm32h7xx.c...
compiling usart.c...
..\SYSTEM\usart\usart.c(139): warning:  #177-D: variable "timeout"  was declared but never referenced
  	u32 timeout=0;
..\SYSTEM\usart\usart.c(140): warning:  #177-D: variable "maxDelay"  was declared but never referenced
      u32 maxDelay=0x1FFFF;
..\SYSTEM\usart\usart.c(207): warning:  #1-D: last line of file ends without a newline
   
..\SYSTEM\usart\usart.c: 3 warnings, 0 errors
compiling stm32h7xx_hal_cortex.c...
compiling stm32h7xx_hal_gpio.c...
compiling stm32h7xx_hal_dma_ex.c...
compiling stm32h7xx_hal.c...
compiling stm32h7xx_hal_mdma.c...
compiling stm32h7xx_hal_dma.c...
compiling stm32h7xx_hal_pwr.c...
compiling stm32h7xx_hal_pwr_ex.c...
compiling stm32h7xx_hal_uart_ex.c...
compiling stm32h7xx_hal_rcc.c...
compiling stm32h7xx_hal_rcc_ex.c...
compiling stm32h7xx_hal_usart.c...
compiling stm32h7xx_hal_uart.c...
compiling stm32h7xx_hal_tim.c...
compiling stm32h7xx_hal_sram.c...
compiling stm32h7xx_ll_fmc.c...
compiling stm32h7xx_hal_sdram.c...
compiling stm32h7xx_hal_tim_ex.c...
compiling stm32h7xx_hal_ltdc.c...
compiling stm32h7xx_hal_qspi.c...
compiling stm32h7xx_hal_spi.c...
compiling stm32h7xx_hal_spi_ex.c...
compiling stm32h7xx_hal_dcmi.c...
compiling stm32h7xx_ll_delayblock.c...
compiling stm32h7xx_hal_sd_ex.c...
compiling stm32h7xx_hal_sd.c...
compiling stm32h7xx_ll_sdmmc.c...
compiling stm32h7xx_hal_nand.c...
compiling stm32h7xx_hal_dma2d.c...
compiling stm32h7xx_hal_sai_ex.c...
compiling stm32h7xx_hal_rng.c...
compiling led.c...
compiling key.c...
compiling mpu.c...
compiling stm32h7xx_hal_sai.c...
compiling stm32h7xx_hal_jpeg.c...
compiling sdram.c...
compiling 24cxx.c...
compiling pcf8574.c...
compiling myiic.c...
compiling ltdc.c...
compiling nand.c...
compiling sdmmc_sdcard.c...
compiling ftl.c...
compiling nandtester.c...
compiling rng.c...
compiling qspi.c...
compiling w25qxx.c...
compiling sai.c...
compiling wm8978.c...
compiling jpegcodec.c...
compiling E401.c...
compiling E411.c...
compiling E421.c...
compiling E451.c...
compiling E441.c...
compiling E431.c...
compiling E471.c...
compiling E461.c...
compiling E481.c...
compiling E501.c...
compiling E491.c...
compiling E511.c...
compiling lcd.c...
compiling usmart_config.c...
compiling usmart.c...
compiling usmart_str.c...
compiling exfuns.c...
compiling malloc.c...
compiling fattester.c...
compiling diskio.c...
compiling ff.c...
compiling ffsystem.c...
compiling fontupd.c...
compiling text.c...
compiling myffunicode.c...
compiling bmp.c...
compiling gif.c...
compiling piclib.c...
compiling hjpgd.c...
compiling tjpgd.c...
compiling wavplay.c...
compiling audioplay.c...
..\APP\audioplay.c(118): warning:  #550-D: variable "key"  was set but never used
  	u8 key;				//键值		  
..\APP\audioplay.c: 1 warning, 0 errors
linking...
Program Size: Code=60592 RO-data=1539460 RW-data=772 ZI-data=34524564  
FromELF: creating hex file...
"..\OBJ\Template.axf" - 0 Error(s), 4 Warning(s).

<h2>Software Packages used:</h2>

Package Vendor: Keil
                http://www.keil.com/pack/Keil.STM32H7xx_DFP.2.5.0.pack
                Keil.STM32H7xx_DFP.2.5.0
                STMicroelectronics STM32H7 Series Device Support and Examples

<h2>Collection of Component include folders:</h2>
  E:\KEIL\ARM\PACKS\Keil\STM32H7xx_DFP\2.5.0\Drivers\CMSIS\Device\ST\STM32H7xx\Include

<h2>Collection of Component Files used:</h2>
Build Time Elapsed:  00:00:22
</pre>
</body>
</html>
