Adafruit_AMG88xx.c:21:9:getPCTL	4	static
Adafruit_AMG88xx.c:22:9:getRST	4	static
Adafruit_AMG88xx.c:23:9:getFPSC	4	static
Adafruit_AMG88xx.c:24:9:getINTC	4	static
Adafruit_AMG88xx.c:25:9:getSTAT	4	static
Adafruit_AMG88xx.c:26:9:getSCLR	4	static
Adafruit_AMG88xx.c:27:9:getAVE	4	static
Adafruit_AMG88xx.c:28:9:getINTHL	4	static
Adafruit_AMG88xx.c:29:9:getINTHH	4	static
Adafruit_AMG88xx.c:30:9:getINTLL	4	static
Adafruit_AMG88xx.c:31:9:getINTLH	4	static
Adafruit_AMG88xx.c:32:9:getIHYSL	4	static
Adafruit_AMG88xx.c:33:9:getIHYSH	4	static
Adafruit_AMG88xx.c:34:9:getTTHL	4	static
Adafruit_AMG88xx.c:35:9:getTTHH	4	static
Adafruit_AMG88xx.c:36:9:min	16	static
Adafruit_AMG88xx.c:51:5:amg88xxInit	8	static
Adafruit_AMG88xx.c:80:6:setMovingAverageMode	16	static
Adafruit_AMG88xx.c:93:6:setInterruptLevels	16	static
Adafruit_AMG88xx.c:106:6:setInterruptLevelsHist	40	static
Adafruit_AMG88xx.c:135:6:enableInterrupt	8	static
Adafruit_AMG88xx.c:146:6:disableInterrupt	8	static
Adafruit_AMG88xx.c:158:6:setInterruptMode	16	static
Adafruit_AMG88xx.c:172:6:getInterrupt	24	static
Adafruit_AMG88xx.c:184:6:clearInterrupt	8	static
Adafruit_AMG88xx.c:196:7:readThermistor	16	static
Adafruit_AMG88xx.c:213:6:readPixels	48	dynamic
Adafruit_AMG88xx.c:231:6:readPixelsRaw	16	static
Adafruit_AMG88xx.c:243:6:write8	16	static
Adafruit_AMG88xx.c:255:9:read8	24	static
Adafruit_AMG88xx.c:264:6:read	40	static
Adafruit_AMG88xx.c:273:6:write	40	static
Adafruit_AMG88xx.c:289:7:signedMag12ToFloat	24	static
